Archive member included to satisfy reference by file (symbol)

c:/progra~2/gnuarm~1/102021~1.10/bin/../lib/gcc/arm-none-eabi/10.3.1/thumb/v7-m/nofp\libgcc.a(_arm_mulsf3.o)
                              CMakeFiles/stm32_uwb_state_estimator.elf.dir/Core/Inc/nlink/utils.c.obj (__aeabi_fmul)
c:/progra~2/gnuarm~1/102021~1.10/bin/../lib/gcc/arm-none-eabi/10.3.1/thumb/v7-m/nofp\libgcc.a(_arm_addsubsf3.o)
                              CMakeFiles/stm32_uwb_state_estimator.elf.dir/Core/Inc/nlink/tagframe0.c.obj (__aeabi_i2f)
c:/progra~2/gnuarm~1/102021~1.10/bin/../lib/gcc/arm-none-eabi/10.3.1/thumb/v7-m/nofp\libgcc.a(_arm_muldivsf3.o)
                              CMakeFiles/stm32_uwb_state_estimator.elf.dir/Core/Inc/nlink/tagframe0.c.obj (__aeabi_fdiv)
c:/progra~2/gnuarm~1/102021~1.10/bin/../lib/gcc/arm-none-eabi/10.3.1/thumb/v7-m/nofp\libgcc.a(_arm_fixunssfsi.o)
                              CMakeFiles/stm32_uwb_state_estimator.elf.dir/Core/Inc/nlink/utils.c.obj (__aeabi_f2uiz)
c:/progra~2/gnuarm~1/102021~1.10/bin/../lib/gcc/arm-none-eabi/10.3.1/thumb/v7-m/nofp\libgcc.a(unwind-arm.o)
                              CMakeFiles/stm32_uwb_state_estimator.elf.dir/Core/Src/main.cpp.obj (__aeabi_unwind_cpp_pr0)
c:/progra~2/gnuarm~1/102021~1.10/bin/../lib/gcc/arm-none-eabi/10.3.1/thumb/v7-m/nofp\libgcc.a(libunwind.o)
                              c:/progra~2/gnuarm~1/102021~1.10/bin/../lib/gcc/arm-none-eabi/10.3.1/thumb/v7-m/nofp\libgcc.a(unwind-arm.o) (restore_core_regs)
c:/progra~2/gnuarm~1/102021~1.10/bin/../lib/gcc/arm-none-eabi/10.3.1/thumb/v7-m/nofp\libgcc.a(pr-support.o)
                              c:/progra~2/gnuarm~1/102021~1.10/bin/../lib/gcc/arm-none-eabi/10.3.1/thumb/v7-m/nofp\libgcc.a(unwind-arm.o) (__gnu_unwind_execute)
c:/progra~2/gnuarm~1/102021~1.10/bin/../lib/gcc/arm-none-eabi/10.3.1/../../../../arm-none-eabi/lib/thumb/v7-m/nofp\libg.a(lib_a-abort.o)
                              c:/progra~2/gnuarm~1/102021~1.10/bin/../lib/gcc/arm-none-eabi/10.3.1/thumb/v7-m/nofp\libgcc.a(unwind-arm.o) (abort)
c:/progra~2/gnuarm~1/102021~1.10/bin/../lib/gcc/arm-none-eabi/10.3.1/../../../../arm-none-eabi/lib/thumb/v7-m/nofp\libg.a(lib_a-errno.o)
                              CMakeFiles/stm32_uwb_state_estimator.elf.dir/Core/Src/syscalls.c.obj (__errno)
c:/progra~2/gnuarm~1/102021~1.10/bin/../lib/gcc/arm-none-eabi/10.3.1/../../../../arm-none-eabi/lib/thumb/v7-m/nofp\libg.a(lib_a-exit.o)
                              c:/progra~2/gnuarm~1/102021~1.10/bin/../lib/gcc/arm-none-eabi/10.3.1/../../../../arm-none-eabi/lib/thumb/v7-m/nofp/crt0.o (exit)
c:/progra~2/gnuarm~1/102021~1.10/bin/../lib/gcc/arm-none-eabi/10.3.1/../../../../arm-none-eabi/lib/thumb/v7-m/nofp\libg.a(lib_a-impure.o)
                              c:/progra~2/gnuarm~1/102021~1.10/bin/../lib/gcc/arm-none-eabi/10.3.1/../../../../arm-none-eabi/lib/thumb/v7-m/nofp\libg.a(lib_a-exit.o) (_global_impure_ptr)
c:/progra~2/gnuarm~1/102021~1.10/bin/../lib/gcc/arm-none-eabi/10.3.1/../../../../arm-none-eabi/lib/thumb/v7-m/nofp\libg.a(lib_a-init.o)
                              c:/progra~2/gnuarm~1/102021~1.10/bin/../lib/gcc/arm-none-eabi/10.3.1/../../../../arm-none-eabi/lib/thumb/v7-m/nofp/crt0.o (__libc_init_array)
c:/progra~2/gnuarm~1/102021~1.10/bin/../lib/gcc/arm-none-eabi/10.3.1/../../../../arm-none-eabi/lib/thumb/v7-m/nofp\libg.a(lib_a-memcpy.o)
                              CMakeFiles/stm32_uwb_state_estimator.elf.dir/Core/Inc/nlink/tagframe0.c.obj (memcpy)
c:/progra~2/gnuarm~1/102021~1.10/bin/../lib/gcc/arm-none-eabi/10.3.1/../../../../arm-none-eabi/lib/thumb/v7-m/nofp\libg.a(lib_a-memset.o)
                              c:/progra~2/gnuarm~1/102021~1.10/bin/../lib/gcc/arm-none-eabi/10.3.1/../../../../arm-none-eabi/lib/thumb/v7-m/nofp/crt0.o (memset)
c:/progra~2/gnuarm~1/102021~1.10/bin/../lib/gcc/arm-none-eabi/10.3.1/../../../../arm-none-eabi/lib/thumb/v7-m/nofp\libg.a(lib_a-signal.o)
                              c:/progra~2/gnuarm~1/102021~1.10/bin/../lib/gcc/arm-none-eabi/10.3.1/../../../../arm-none-eabi/lib/thumb/v7-m/nofp\libg.a(lib_a-abort.o) (raise)
c:/progra~2/gnuarm~1/102021~1.10/bin/../lib/gcc/arm-none-eabi/10.3.1/../../../../arm-none-eabi/lib/thumb/v7-m/nofp\libg.a(lib_a-signalr.o)
                              c:/progra~2/gnuarm~1/102021~1.10/bin/../lib/gcc/arm-none-eabi/10.3.1/../../../../arm-none-eabi/lib/thumb/v7-m/nofp\libg.a(lib_a-signal.o) (_kill_r)
c:/progra~2/gnuarm~1/102021~1.10/bin/../lib/gcc/arm-none-eabi/10.3.1/../../../../arm-none-eabi/lib/thumb/v7-m/nofp\libg.a(lib_a-__call_atexit.o)
                              c:/progra~2/gnuarm~1/102021~1.10/bin/../lib/gcc/arm-none-eabi/10.3.1/../../../../arm-none-eabi/lib/thumb/v7-m/nofp\libg.a(lib_a-exit.o) (__call_exitprocs)
c:/progra~2/gnuarm~1/102021~1.10/bin/../lib/gcc/arm-none-eabi/10.3.1/../../../../arm-none-eabi/lib/thumb/v7-m/nofp\libg.a(lib_a-atexit.o)
[...]
Memory Configuration

Name             Origin             Length             Attributes
RAM              0x20000000         0x00005000         xrw
FLASH            0x08000000         0x00010000         xr
*default*        0x00000000         0xffffffff

Linker script and memory map

LOAD c:/progra~2/gnuarm~1/102021~1.10/bin/../lib/gcc/arm-none-eabi/10.3.1/thumb/v7-m/nofp/crti.o
LOAD c:/progra~2/gnuarm~1/102021~1.10/bin/../lib/gcc/arm-none-eabi/10.3.1/thumb/v7-m/nofp/crtbegin.o
LOAD c:/progra~2/gnuarm~1/102021~1.10/bin/../lib/gcc/arm-none-eabi/10.3.1/../../../../arm-none-eabi/lib/thumb/v7-m/nofp/crt0.o
LOAD CMakeFiles/stm32_uwb_state_estimator.elf.dir/Core/Inc/nlink/tagframe0.c.obj
LOAD CMakeFiles/stm32_uwb_state_estimator.elf.dir/Core/Inc/nlink/utils.c.obj
LOAD CMakeFiles/stm32_uwb_state_estimator.elf.dir/Core/Src/dma.c.obj
LOAD CMakeFiles/stm32_uwb_state_estimator.elf.dir/Core/Src/gpio.c.obj
LOAD CMakeFiles/stm32_uwb_state_estimator.elf.dir/Core/Src/main.cpp.obj
LOAD CMakeFiles/stm32_uwb_state_estimator.elf.dir/Core/Src/stm32f1xx_hal_msp.c.obj
LOAD CMakeFiles/stm32_uwb_state_estimator.elf.dir/Core/Src/stm32f1xx_it.c.obj
LOAD CMakeFiles/stm32_uwb_state_estimator.elf.dir/Core/Src/syscalls.c.obj
LOAD CMakeFiles/stm32_uwb_state_estimator.elf.dir/Core/Src/sysmem.c.obj
LOAD CMakeFiles/stm32_uwb_state_estimator.elf.dir/Core/Src/system_stm32f1xx.c.obj
LOAD CMakeFiles/stm32_uwb_state_estimator.elf.dir/Core/Src/tim.c.obj
LOAD CMakeFiles/stm32_uwb_state_estimator.elf.dir/Core/Src/usart.c.obj
LOAD CMakeFiles/stm32_uwb_state_estimator.elf.dir/Core/Startup/startup_stm32f103c8tx.s.obj
LOAD CMakeFiles/stm32_uwb_state_estimator.elf.dir/Drivers/STM32F1xx_HAL_Driver/Src/stm32f1xx_hal.c.obj
LOAD CMakeFiles/stm32_uwb_state_estimator.elf.dir/Drivers/STM32F1xx_HAL_Driver/Src/stm32f1xx_hal_cortex.c.obj
LOAD CMakeFiles/stm32_uwb_state_estimator.elf.dir/Drivers/STM32F1xx_HAL_Driver/Src/stm32f1xx_hal_dma.c.obj
LOAD CMakeFiles/stm32_uwb_state_estimator.elf.dir/Drivers/STM32F1xx_HAL_Driver/Src/stm32f1xx_hal_exti.c.obj
LOAD CMakeFiles/stm32_uwb_state_estimator.elf.dir/Drivers/STM32F1xx_HAL_Driver/Src/stm32f1xx_hal_flash.c.obj
LOAD CMakeFiles/stm32_uwb_state_estimator.elf.dir/Drivers/STM32F1xx_HAL_Driver/Src/stm32f1xx_hal_flash_ex.c.obj
LOAD CMakeFiles/stm32_uwb_state_estimator.elf.dir/Drivers/STM32F1xx_HAL_Driver/Src/stm32f1xx_hal_gpio.c.obj
LOAD CMakeFiles/stm32_uwb_state_estimator.elf.dir/Drivers/STM32F1xx_HAL_Driver/Src/stm32f1xx_hal_gpio_ex.c.obj
LOAD CMakeFiles/stm32_uwb_state_estimator.elf.dir/Drivers/STM32F1xx_HAL_Driver/Src/stm32f1xx_hal_pwr.c.obj
LOAD CMakeFiles/stm32_uwb_state_estimator.elf.dir/Drivers/STM32F1xx_HAL_Driver/Src/stm32f1xx_hal_rcc.c.obj
LOAD CMakeFiles/stm32_uwb_state_estimator.elf.dir/Drivers/STM32F1xx_HAL_Driver/Src/stm32f1xx_hal_rcc_ex.c.obj
LOAD CMakeFiles/stm32_uwb_state_estimator.elf.dir/Drivers/STM32F1xx_HAL_Driver/Src/stm32f1xx_hal_tim.c.obj
LOAD CMakeFiles/stm32_uwb_state_estimator.elf.dir/Drivers/STM32F1xx_HAL_Driver/Src/stm32f1xx_hal_tim_ex.c.obj
LOAD CMakeFiles/stm32_uwb_state_estimator.elf.dir/Drivers/STM32F1xx_HAL_Driver/Src/stm32f1xx_hal_uart.c.obj
LOAD c:/progra~2/gnuarm~1/102021~1.10/bin/../lib/gcc/arm-none-eabi/10.3.1/../../../../arm-none-eabi/lib/thumb/v7-m/nofp\libstdc++.a
LOAD c:/progra~2/gnuarm~1/102021~1.10/bin/../lib/gcc/arm-none-eabi/10.3.1/../../../../arm-none-eabi/lib/thumb/v7-m/nofp\libm.a
START GROUP
LOAD c:/progra~2/gnuarm~1/102021~1.10/bin/../lib/gcc/arm-none-eabi/10.3.1/thumb/v7-m/nofp\libgcc.a
LOAD c:/progra~2/gnuarm~1/102021~1.10/bin/../lib/gcc/arm-none-eabi/10.3.1/../../../../arm-none-eabi/lib/thumb/v7-m/nofp\libg.a
LOAD c:/progra~2/gnuarm~1/102021~1.10/bin/../lib/gcc/arm-none-eabi/10.3.1/../../../../arm-none-eabi/lib/thumb/v7-m/nofp\libc.a
END GROUP
LOAD c:/progra~2/gnuarm~1/102021~1.10/bin/../lib/gcc/arm-none-eabi/10.3.1/thumb/v7-m/nofp/crtend.o
LOAD c:/progra~2/gnuarm~1/102021~1.10/bin/../lib/gcc/arm-none-eabi/10.3.1/thumb/v7-m/nofp/crtn.o
                0x20005000                _estack = (ORIGIN (RAM) + LENGTH (RAM))
                0x00000200                _Min_Heap_Size = 0x200
                0x00000400                _Min_Stack_Size = 0x400

.isr_vector     0x08000000      0x10c
                0x08000000                . = ALIGN (0x4)
 *(.isr_vector)
 .isr_vector    0x08000000      0x10c CMakeFiles/stm32_uwb_state_estimator.elf.dir/Core/Startup/startup_stm32f103c8tx.s.obj
                0x08000000                g_pfnVectors
                0x0800010c                . = ALIGN (0x4)

.text           0x0800010c     0x3ea4
                0x0800010c                . = ALIGN (0x4)
 *(.text)
 .text          0x0800010c       0x40 c:/progra~2/gnuarm~1/102021~1.10/bin/../lib/gcc/arm-none-eabi/10.3.1/thumb/v7-m/nofp/crtbegin.o
 .text          0x0800014c      0x21c c:/progra~2/gnuarm~1/102021~1.10/bin/../lib/gcc/arm-none-eabi/10.3.1/thumb/v7-m/nofp\libgcc.a(_arm_addsubsf3.o)
                0x0800014c                __aeabi_frsub
                0x08000154                __subsf3
                0x08000154                __aeabi_fsub
                0x08000158                __aeabi_fadd
                0x08000158                __addsf3
                0x080002b8                __aeabi_ui2f
                0x080002b8                __floatunsisf
                0x080002c0                __aeabi_i2f
                0x080002c0                __floatsisf
                0x080002dc                __aeabi_ul2f
                0x080002dc                __floatundisf
                0x080002ec                __aeabi_l2f
                0x080002ec                __floatdisf
 .text          0x08000368      0x2a0 c:/progra~2/gnuarm~1/102021~1.10/bin/../lib/gcc/arm-none-eabi/10.3.1/thumb/v7-m/nofp\libgcc.a(_arm_muldivsf3.o)
                0x08000368                __mulsf3
                0x08000368                __aeabi_fmul
                0x080004d0                __aeabi_fdiv
                0x080004d0                __divsf3
 .text          0x08000608       0x40 c:/progra~2/gnuarm~1/102021~1.10/bin/../lib/gcc/arm-none-eabi/10.3.1/thumb/v7-m/nofp\libgcc.a(_arm_fixunssfsi.o)
                0x08000608                __fixunssfsi
                0x08000608                __aeabi_f2uiz
 .text          0x08000648      0x9e4 c:/progra~2/gnuarm~1/102021~1.10/bin/../lib/gcc/arm-none-eabi/10.3.1/thumb/v7-m/nofp\libgcc.a(unwind-arm.o)
                0x08000908                _Unwind_GetCFA
                0x0800090c                __gnu_Unwind_RaiseException
                0x08000974                __gnu_Unwind_ForcedUnwind
                0x08000988                __gnu_Unwind_Resume
                0x080009cc                __gnu_Unwind_Resume_or_Rethrow
                0x080009e0                _Unwind_Complete
                0x080009e4                _Unwind_DeleteException
                0x080009f0                _Unwind_VRS_Get
                0x08000a3c                _Unwind_VRS_Set
                0x08000a84                __gnu_Unwind_Backtrace
                0x08000dac                __aeabi_unwind_cpp_pr0
                0x08000db0                __aeabi_unwind_cpp_pr1
                0x08000db4                __aeabi_unwind_cpp_pr2
                0x08000db8                _Unwind_VRS_Pop
 .text          0x0800102c      0x1ac c:/progra~2/gnuarm~1/102021~1.10/bin/../lib/gcc/arm-none-eabi/10.3.1/thumb/v7-m/nofp\libgcc.a(libunwind.o)
                0x0800102c                __restore_core_regs
                0x0800102c                restore_core_regs
                0x08001044                __gnu_Unwind_Restore_VFP
                0x0800104c                __gnu_Unwind_Save_VFP
                0x08001054                __gnu_Unwind_Restore_VFP_D
                0x0800105c                __gnu_Unwind_Save_VFP_D
                0x08001064                __gnu_Unwind_Restore_VFP_D_16_to_31
                0x0800106c                __gnu_Unwind_Save_VFP_D_16_to_31
                0x08001074                __gnu_Unwind_Restore_WMMXD
                0x080010b8                __gnu_Unwind_Save_WMMXD
                0x080010fc                __gnu_Unwind_Restore_WMMXC
                0x08001110                __gnu_Unwind_Save_WMMXC
                0x08001124                ___Unwind_RaiseException
                0x08001124                _Unwind_RaiseException
                0x08001148                _Unwind_Resume
                0x08001148                ___Unwind_Resume
                0x0800116c                _Unwind_Resume_or_Rethrow
                0x0800116c                ___Unwind_Resume_or_Rethrow
                0x08001190                _Unwind_ForcedUnwind
                0x08001190                ___Unwind_ForcedUnwind
                0x080011b4                ___Unwind_Backtrace
                0x080011b4                _Unwind_Backtrace
 .text          0x080011d8      0x38c c:/progra~2/gnuarm~1/102021~1.10/bin/../lib/gcc/arm-none-eabi/10.3.1/thumb/v7-m/nofp\libgcc.a(pr-support.o)
                0x08001230                __gnu_unwind_execute
                0x08001514                __gnu_unwind_frame
                0x08001544                _Unwind_GetRegionStart
                0x08001550                _Unwind_GetLanguageSpecificData
 .text          0x08001564       0xec c:/progra~2/gnuarm~1/102021~1.10/bin/../lib/gcc/arm-none-eabi/10.3.1/../../../../arm-none-eabi/lib/thumb/v7-m/nofp\libg.a(lib_a-memcpy.o)
                0x08001564                memcpy
 *(.text*)
 .text.UnpackData
                0x08001650      0x1f0 CMakeFiles/stm32_uwb_state_estimator.elf.dir/Core/Inc/nlink/tagframe0.c.obj
 .text.NLINK_ParseInt24
                0x08001840       0x26 CMakeFiles/stm32_uwb_state_estimator.elf.dir/Core/Inc/nlink/utils.c.obj
                0x08001840                NLINK_ParseInt24
 .text.NLINK_VerifyCheckSum
                0x08001866       0x2c CMakeFiles/stm32_uwb_state_estimator.elf.dir/Core/Inc/nlink/utils.c.obj
                0x08001866                NLINK_VerifyCheckSum
 .text.NLink_UpdateCheckSum
                0x08001892       0x1e CMakeFiles/stm32_uwb_state_estimator.elf.dir/Core/Inc/nlink/utils.c.obj
                0x08001892                NLink_UpdateCheckSum
 .text.Float32toUInt16
                0x080018b0       0x14 CMakeFiles/stm32_uwb_state_estimator.elf.dir/Core/Inc/nlink/utils.c.obj
                0x080018b0                Float32toUInt16
 .text.MX_DMA_Init
                0x080018c4       0x44 CMakeFiles/stm32_uwb_state_estimator.elf.dir/Core/Src/dma.c.obj
                0x080018c4                MX_DMA_Init
 .text.MX_GPIO_Init
                0x08001908       0x84 CMakeFiles/stm32_uwb_state_estimator.elf.dir/Core/Src/gpio.c.obj
                0x08001908                MX_GPIO_Init
 .text._Z41__static_initialization_and_destruction_0ii
                0x0800198c       0xd0 CMakeFiles/stm32_uwb_state_estimator.elf.dir/Core/Src/main.cpp.obj
 .text.HAL_UART_TxCpltCallback
                0x08001a5c       0x70 CMakeFiles/stm32_uwb_state_estimator.elf.dir/Core/Src/main.cpp.obj
                0x08001a5c                HAL_UART_TxCpltCallback
 .text.HAL_UART_ErrorCallback
                0x08001acc       0x30 CMakeFiles/stm32_uwb_state_estimator.elf.dir/Core/Src/main.cpp.obj
                0x08001acc                HAL_UART_ErrorCallback
 .text.HAL_TIM_PeriodElapsedCallback
                0x08001afc       0x1c CMakeFiles/stm32_uwb_state_estimator.elf.dir/Core/Src/main.cpp.obj
                0x08001afc                HAL_TIM_PeriodElapsedCallback
 .text.Error_Handler
                0x08001b18        0x4 CMakeFiles/stm32_uwb_state_estimator.elf.dir/Core/Src/main.cpp.obj
                0x08001b18                Error_Handler
 .text._Z18SystemClock_Configv
                0x08001b1c       0x86 CMakeFiles/stm32_uwb_state_estimator.elf.dir/Core/Src/main.cpp.obj
                0x08001b1c                SystemClock_Config()
 *fill*         0x08001ba2        0x2 
 .text.main     0x08001ba4      0x2b0 CMakeFiles/stm32_uwb_state_estimator.elf.dir/Core/Src/main.cpp.obj
                0x08001ba4                main
 .text._GLOBAL__sub_I_m_sec
                0x08001e54        0xe CMakeFiles/stm32_uwb_state_estimator.elf.dir/Core/Src/main.cpp.obj
 *fill*         0x08001e62        0x2 
 .text.HAL_MspInit
                0x08001e64       0x44 CMakeFiles/stm32_uwb_state_estimator.elf.dir/Core/Src/stm32f1xx_hal_msp.c.obj
                0x08001e64                HAL_MspInit
 .text.NMI_Handler
                0x08001ea8        0x8 CMakeFiles/stm32_uwb_state_estimator.elf.dir/Core/Src/stm32f1xx_it.c.obj
                0x08001ea8                NMI_Handler
 .text.HardFault_Handler
                0x08001eb0        0x2 CMakeFiles/stm32_uwb_state_estimator.elf.dir/Core/Src/stm32f1xx_it.c.obj
                0x08001eb0                HardFault_Handler
 .text.MemManage_Handler
                0x08001eb2        0x2 CMakeFiles/stm32_uwb_state_estimator.elf.dir/Core/Src/stm32f1xx_it.c.obj
                0x08001eb2                MemManage_Handler
 .text.BusFault_Handler
                0x08001eb4        0x2 CMakeFiles/stm32_uwb_state_estimator.elf.dir/Core/Src/stm32f1xx_it.c.obj
                0x08001eb4                BusFault_Handler
 .text.UsageFault_Handler
                0x08001eb6        0x2 CMakeFiles/stm32_uwb_state_estimator.elf.dir/Core/Src/stm32f1xx_it.c.obj
                0x08001eb6                UsageFault_Handler
 .text.SVC_Handler
                0x08001eb8        0x2 CMakeFiles/stm32_uwb_state_estimator.elf.dir/Core/Src/stm32f1xx_it.c.obj
                0x08001eb8                SVC_Handler
 .text.DebugMon_Handler
                0x08001eba        0x2 CMakeFiles/stm32_uwb_state_estimator.elf.dir/Core/Src/stm32f1xx_it.c.obj
                0x08001eba                DebugMon_Handler
 .text.PendSV_Handler
                0x08001ebc        0x2 CMakeFiles/stm32_uwb_state_estimator.elf.dir/Core/Src/stm32f1xx_it.c.obj
                0x08001ebc                PendSV_Handler
 .text.SysTick_Handler
                0x08001ebe        0x8 CMakeFiles/stm32_uwb_state_estimator.elf.dir/Core/Src/stm32f1xx_it.c.obj
                0x08001ebe                SysTick_Handler
 *fill*         0x08001ec6        0x2 
 .text.DMA1_Channel4_IRQHandler
                0x08001ec8       0x10 CMakeFiles/stm32_uwb_state_estimator.elf.dir/Core/Src/stm32f1xx_it.c.obj
                0x08001ec8                DMA1_Channel4_IRQHandler
 .text.DMA1_Channel5_IRQHandler
                0x08001ed8       0x10 CMakeFiles/stm32_uwb_state_estimator.elf.dir/Core/Src/stm32f1xx_it.c.obj
                0x08001ed8                DMA1_Channel5_IRQHandler
 .text.TIM2_IRQHandler
                0x08001ee8       0x10 CMakeFiles/stm32_uwb_state_estimator.elf.dir/Core/Src/stm32f1xx_it.c.obj
                0x08001ee8                TIM2_IRQHandler
 .text.USART1_IRQHandler
                0x08001ef8       0x10 CMakeFiles/stm32_uwb_state_estimator.elf.dir/Core/Src/stm32f1xx_it.c.obj
                0x08001ef8                USART1_IRQHandler
 .text._getpid  0x08001f08        0x4 CMakeFiles/stm32_uwb_state_estimator.elf.dir/Core/Src/syscalls.c.obj
                0x08001f08                _getpid
 .text._kill    0x08001f0c       0x10 CMakeFiles/stm32_uwb_state_estimator.elf.dir/Core/Src/syscalls.c.obj
                0x08001f0c                _kill
 .text._exit    0x08001f1c        0xc CMakeFiles/stm32_uwb_state_estimator.elf.dir/Core/Src/syscalls.c.obj
                0x08001f1c                _exit
 .text.SystemInit
                0x08001f28        0x2 CMakeFiles/stm32_uwb_state_estimator.elf.dir/Core/Src/system_stm32f1xx.c.obj
                0x08001f28                SystemInit
 *fill*         0x08001f2a        0x2 
 .text.MX_TIM2_Init
                0x08001f2c       0x6c CMakeFiles/stm32_uwb_state_estimator.elf.dir/Core/Src/tim.c.obj
                0x08001f2c                MX_TIM2_Init
 .text.HAL_TIM_Base_MspInit
                0x08001f98       0x3a CMakeFiles/stm32_uwb_state_estimator.elf.dir/Core/Src/tim.c.obj
                0x08001f98                HAL_TIM_Base_MspInit
 *fill*         0x08001fd2        0x2 
 .text.MX_USART1_UART_Init
                0x08001fd4       0x34 CMakeFiles/stm32_uwb_state_estimator.elf.dir/Core/Src/usart.c.obj
                0x08001fd4                MX_USART1_UART_Init
 .text.HAL_UART_MspInit
                0x08002008      0x104 CMakeFiles/stm32_uwb_state_estimator.elf.dir/Core/Src/usart.c.obj
                0x08002008                HAL_UART_MspInit
 .text.HAL_UART_MspDeInit
                0x0800210c       0x40 CMakeFiles/stm32_uwb_state_estimator.elf.dir/Core/Src/usart.c.obj
                0x0800210c                HAL_UART_MspDeInit
 .text.Reset_Handler
                0x0800214c       0x48 CMakeFiles/stm32_uwb_state_estimator.elf.dir/Core/Startup/startup_stm32f103c8tx.s.obj
                0x0800214c                Reset_Handler
 .text.Default_Handler
                0x08002194        0x2 CMakeFiles/stm32_uwb_state_estimator.elf.dir/Core/Startup/startup_stm32f103c8tx.s.obj
                0x08002194                RTC_Alarm_IRQHandler
                0x08002194                EXTI2_IRQHandler
                0x08002194                TIM1_CC_IRQHandler
                0x08002194                PVD_IRQHandler
                0x08002194                EXTI3_IRQHandler
                0x08002194                EXTI0_IRQHandler
                0x08002194                I2C2_EV_IRQHandler
                0x08002194                ADC1_2_IRQHandler
                0x08002194                SPI1_IRQHandler
                0x08002194                TAMPER_IRQHandler
                0x08002194                USART3_IRQHandler
                0x08002194                RTC_IRQHandler
                0x08002194                DMA1_Channel7_IRQHandler
                0x08002194                CAN1_RX1_IRQHandler
                0x08002194                TIM4_IRQHandler
                0x08002194                I2C1_EV_IRQHandler
                0x08002194                DMA1_Channel6_IRQHandler
                0x08002194                TIM3_IRQHandler
                0x08002194                RCC_IRQHandler
                0x08002194                TIM1_TRG_COM_IRQHandler
                0x08002194                DMA1_Channel1_IRQHandler
                0x08002194                Default_Handler
                0x08002194                EXTI15_10_IRQHandler
                0x08002194                EXTI9_5_IRQHandler
                0x08002194                SPI2_IRQHandler
                0x08002194                EXTI4_IRQHandler
                0x08002194                USB_LP_CAN1_RX0_IRQHandler
                0x08002194                USB_HP_CAN1_TX_IRQHandler
                0x08002194                DMA1_Channel3_IRQHandler
                0x08002194                TIM1_UP_IRQHandler
                0x08002194                WWDG_IRQHandler
                0x08002194                TIM1_BRK_IRQHandler
                0x08002194                EXTI1_IRQHandler
                0x08002194                USART2_IRQHandler
                0x08002194                I2C2_ER_IRQHandler
                0x08002194                DMA1_Channel2_IRQHandler
                0x08002194                CAN1_SCE_IRQHandler
                0x08002194                FLASH_IRQHandler
                0x08002194                I2C1_ER_IRQHandler
                0x08002194                USBWakeUp_IRQHandler
 *fill*         0x08002196        0x2 
 .text.HAL_InitTick
                0x08002198       0x4c CMakeFiles/stm32_uwb_state_estimator.elf.dir/Drivers/STM32F1xx_HAL_Driver/Src/stm32f1xx_hal.c.obj
                0x08002198                HAL_InitTick
 .text.HAL_Init
                0x080021e4       0x24 CMakeFiles/stm32_uwb_state_estimator.elf.dir/Drivers/STM32F1xx_HAL_Driver/Src/stm32f1xx_hal.c.obj
                0x080021e4                HAL_Init
 .text.HAL_IncTick
                0x08002208       0x18 CMakeFiles/stm32_uwb_state_estimator.elf.dir/Drivers/STM32F1xx_HAL_Driver/Src/stm32f1xx_hal.c.obj
                0x08002208                HAL_IncTick
 .text.HAL_GetTick
                0x08002220        0xc CMakeFiles/stm32_uwb_state_estimator.elf.dir/Drivers/STM32F1xx_HAL_Driver/Src/stm32f1xx_hal.c.obj
                0x08002220                HAL_GetTick
 .text.HAL_NVIC_SetPriorityGrouping
                0x0800222c       0x24 CMakeFiles/stm32_uwb_state_estimator.elf.dir/Drivers/STM32F1xx_HAL_Driver/Src/stm32f1xx_hal_cortex.c.obj
                0x0800222c                HAL_NVIC_SetPriorityGrouping
 .text.HAL_NVIC_SetPriority
                0x08002250       0x70 CMakeFiles/stm32_uwb_state_estimator.elf.dir/Drivers/STM32F1xx_HAL_Driver/Src/stm32f1xx_hal_cortex.c.obj
                0x08002250                HAL_NVIC_SetPriority
 .text.HAL_NVIC_EnableIRQ
                0x080022c0       0x1c CMakeFiles/stm32_uwb_state_estimator.elf.dir/Drivers/STM32F1xx_HAL_Driver/Src/stm32f1xx_hal_cortex.c.obj
                0x080022c0                HAL_NVIC_EnableIRQ
 .text.HAL_NVIC_DisableIRQ
                0x080022dc       0x24 CMakeFiles/stm32_uwb_state_estimator.elf.dir/Drivers/STM32F1xx_HAL_Driver/Src/stm32f1xx_hal_cortex.c.obj
                0x080022dc                HAL_NVIC_DisableIRQ
 .text.HAL_SYSTICK_Config
                0x08002300       0x28 CMakeFiles/stm32_uwb_state_estimator.elf.dir/Drivers/STM32F1xx_HAL_Driver/Src/stm32f1xx_hal_cortex.c.obj
                0x08002300                HAL_SYSTICK_Config
 .text.DMA_SetConfig
                0x08002328       0x2c CMakeFiles/stm32_uwb_state_estimator.elf.dir/Drivers/STM32F1xx_HAL_Driver/Src/stm32f1xx_hal_dma.c.obj
 .text.HAL_DMA_Init
                0x08002354       0x6c CMakeFiles/stm32_uwb_state_estimator.elf.dir/Drivers/STM32F1xx_HAL_Driver/Src/stm32f1xx_hal_dma.c.obj
                0x08002354                HAL_DMA_Init
 .text.HAL_DMA_DeInit
                0x080023c0       0x68 CMakeFiles/stm32_uwb_state_estimator.elf.dir/Drivers/STM32F1xx_HAL_Driver/Src/stm32f1xx_hal_dma.c.obj
                0x080023c0                HAL_DMA_DeInit
 .text.HAL_DMA_Start_IT
                0x08002428       0x74 CMakeFiles/stm32_uwb_state_estimator.elf.dir/Drivers/STM32F1xx_HAL_Driver/Src/stm32f1xx_hal_dma.c.obj
                0x08002428                HAL_DMA_Start_IT
 .text.HAL_DMA_Abort
                0x0800249c       0x44 CMakeFiles/stm32_uwb_state_estimator.elf.dir/Drivers/STM32F1xx_HAL_Driver/Src/stm32f1xx_hal_dma.c.obj
                0x0800249c                HAL_DMA_Abort
 .text.HAL_DMA_Abort_IT
                0x080024e0       0x98 CMakeFiles/stm32_uwb_state_estimator.elf.dir/Drivers/STM32F1xx_HAL_Driver/Src/stm32f1xx_hal_dma.c.obj
                0x080024e0                HAL_DMA_Abort_IT
 .text.HAL_DMA_IRQHandler
                0x08002578      0x144 CMakeFiles/stm32_uwb_state_estimator.elf.dir/Drivers/STM32F1xx_HAL_Driver/Src/stm32f1xx_hal_dma.c.obj
                0x08002578                HAL_DMA_IRQHandler
 .text.HAL_GPIO_Init
                0x080026bc      0x224 CMakeFiles/stm32_uwb_state_estimator.elf.dir/Drivers/STM32F1xx_HAL_Driver/Src/stm32f1xx_hal_gpio.c.obj
                0x080026bc                HAL_GPIO_Init
 .text.HAL_GPIO_DeInit
                0x080028e0      0x100 CMakeFiles/stm32_uwb_state_estimator.elf.dir/Drivers/STM32F1xx_HAL_Driver/Src/stm32f1xx_hal_gpio.c.obj
                0x080028e0                HAL_GPIO_DeInit
 .text.HAL_GPIO_WritePin
                0x080029e0        0xc CMakeFiles/stm32_uwb_state_estimator.elf.dir/Drivers/STM32F1xx_HAL_Driver/Src/stm32f1xx_hal_gpio.c.obj
                0x080029e0                HAL_GPIO_WritePin
 .text.RCC_Delay
                0x080029ec       0x2c CMakeFiles/stm32_uwb_state_estimator.elf.dir/Drivers/STM32F1xx_HAL_Driver/Src/stm32f1xx_hal_rcc.c.obj
 .text.HAL_RCC_OscConfig
                0x08002a18      0x410 CMakeFiles/stm32_uwb_state_estimator.elf.dir/Drivers/STM32F1xx_HAL_Driver/Src/stm32f1xx_hal_rcc.c.obj
                0x08002a18                HAL_RCC_OscConfig
 .text.HAL_RCC_EnableCSS
                0x08002e28        0xc CMakeFiles/stm32_uwb_state_estimator.elf.dir/Drivers/STM32F1xx_HAL_Driver/Src/stm32f1xx_hal_rcc.c.obj
                0x08002e28                HAL_RCC_EnableCSS
 .text.HAL_RCC_GetSysClockFreq
                0x08002e34       0x70 CMakeFiles/stm32_uwb_state_estimator.elf.dir/Drivers/STM32F1xx_HAL_Driver/Src/stm32f1xx_hal_rcc.c.obj
                0x08002e34                HAL_RCC_GetSysClockFreq
 .text.HAL_RCC_ClockConfig
                0x08002ea4      0x16c CMakeFiles/stm32_uwb_state_estimator.elf.dir/Drivers/STM32F1xx_HAL_Driver/Src/stm32f1xx_hal_rcc.c.obj
                0x08002ea4                HAL_RCC_ClockConfig
 .text.HAL_RCC_GetHCLKFreq
                0x08003010        0xc CMakeFiles/stm32_uwb_state_estimator.elf.dir/Drivers/STM32F1xx_HAL_Driver/Src/stm32f1xx_hal_rcc.c.obj
                0x08003010                HAL_RCC_GetHCLKFreq
 .text.HAL_RCC_GetPCLK1Freq
                0x0800301c       0x20 CMakeFiles/stm32_uwb_state_estimator.elf.dir/Drivers/STM32F1xx_HAL_Driver/Src/stm32f1xx_hal_rcc.c.obj
                0x0800301c                HAL_RCC_GetPCLK1Freq
 .text.HAL_RCC_GetPCLK2Freq
                0x0800303c       0x20 CMakeFiles/stm32_uwb_state_estimator.elf.dir/Drivers/STM32F1xx_HAL_Driver/Src/stm32f1xx_hal_rcc.c.obj
                0x0800303c                HAL_RCC_GetPCLK2Freq
 .text.HAL_RCC_CSSCallback
                0x0800305c        0x2 CMakeFiles/stm32_uwb_state_estimator.elf.dir/Drivers/STM32F1xx_HAL_Driver/Src/stm32f1xx_hal_rcc.c.obj
                0x0800305c                HAL_RCC_CSSCallback
 *fill*         0x0800305e        0x2 
 .text.HAL_RCC_NMI_IRQHandler
                0x08003060       0x20 CMakeFiles/stm32_uwb_state_estimator.elf.dir/Drivers/STM32F1xx_HAL_Driver/Src/stm32f1xx_hal_rcc.c.obj
                0x08003060                HAL_RCC_NMI_IRQHandler
 .text.HAL_RCCEx_PeriphCLKConfig
                0x08003080      0x118 CMakeFiles/stm32_uwb_state_estimator.elf.dir/Drivers/STM32F1xx_HAL_Driver/Src/stm32f1xx_hal_rcc_ex.c.obj
                0x08003080                HAL_RCCEx_PeriphCLKConfig
 .text.TIM_TI1_ConfigInputStage
                0x08003198       0x24 CMakeFiles/stm32_uwb_state_estimator.elf.dir/Drivers/STM32F1xx_HAL_Driver/Src/stm32f1xx_hal_tim.c.obj
 .text.TIM_TI2_ConfigInputStage
                0x080031bc       0x26 CMakeFiles/stm32_uwb_state_estimator.elf.dir/Drivers/STM32F1xx_HAL_Driver/Src/stm32f1xx_hal_tim.c.obj
 .text.TIM_ITRx_SetConfig
                0x080031e2       0x10 CMakeFiles/stm32_uwb_state_estimator.elf.dir/Drivers/STM32F1xx_HAL_Driver/Src/stm32f1xx_hal_tim.c.obj
 *fill*         0x080031f2        0x2 
 .text.HAL_TIM_Base_Start_IT
                0x080031f4       0x68 CMakeFiles/stm32_uwb_state_estimator.elf.dir/Drivers/STM32F1xx_HAL_Driver/Src/stm32f1xx_hal_tim.c.obj
                0x080031f4                HAL_TIM_Base_Start_IT
 .text.HAL_TIM_OC_DelayElapsedCallback
                0x0800325c        0x2 CMakeFiles/stm32_uwb_state_estimator.elf.dir/Drivers/STM32F1xx_HAL_Driver/Src/stm32f1xx_hal_tim.c.obj
                0x0800325c                HAL_TIM_OC_DelayElapsedCallback
 .text.HAL_TIM_IC_CaptureCallback
                0x0800325e        0x2 CMakeFiles/stm32_uwb_state_estimator.elf.dir/Drivers/STM32F1xx_HAL_Driver/Src/stm32f1xx_hal_tim.c.obj
                0x0800325e                HAL_TIM_IC_CaptureCallback
 .text.HAL_TIM_PWM_PulseFinishedCallback
                0x08003260        0x2 CMakeFiles/stm32_uwb_state_estimator.elf.dir/Drivers/STM32F1xx_HAL_Driver/Src/stm32f1xx_hal_tim.c.obj
                0x08003260                HAL_TIM_PWM_PulseFinishedCallback
 .text.HAL_TIM_TriggerCallback
                0x08003262        0x2 CMakeFiles/stm32_uwb_state_estimator.elf.dir/Drivers/STM32F1xx_HAL_Driver/Src/stm32f1xx_hal_tim.c.obj
                0x08003262                HAL_TIM_TriggerCallback
 .text.HAL_TIM_IRQHandler
                0x08003264      0x17a CMakeFiles/stm32_uwb_state_estimator.elf.dir/Drivers/STM32F1xx_HAL_Driver/Src/stm32f1xx_hal_tim.c.obj
                0x08003264                HAL_TIM_IRQHandler
 *fill*         0x080033de        0x2 
 .text.TIM_Base_SetConfig
                0x080033e0       0x74 CMakeFiles/stm32_uwb_state_estimator.elf.dir/Drivers/STM32F1xx_HAL_Driver/Src/stm32f1xx_hal_tim.c.obj
                0x080033e0                TIM_Base_SetConfig
 .text.HAL_TIM_Base_Init
                0x08003454       0x58 CMakeFiles/stm32_uwb_state_estimator.elf.dir/Drivers/STM32F1xx_HAL_Driver/Src/stm32f1xx_hal_tim.c.obj
                0x08003454                HAL_TIM_Base_Init
 .text.TIM_ETR_SetConfig
                0x080034ac       0x18 CMakeFiles/stm32_uwb_state_estimator.elf.dir/Drivers/STM32F1xx_HAL_Driver/Src/stm32f1xx_hal_tim.c.obj
                0x080034ac                TIM_ETR_SetConfig
 .text.HAL_TIM_ConfigClockSource
                0x080034c4       0xda CMakeFiles/stm32_uwb_state_estimator.elf.dir/Drivers/STM32F1xx_HAL_Driver/Src/stm32f1xx_hal_tim.c.obj
                0x080034c4                HAL_TIM_ConfigClockSource
 *fill*         0x0800359e        0x2 
 .text.HAL_TIMEx_MasterConfigSynchronization
                0x080035a0       0x6c CMakeFiles/stm32_uwb_state_estimator.elf.dir/Drivers/STM32F1xx_HAL_Driver/Src/stm32f1xx_hal_tim_ex.c.obj
                0x080035a0                HAL_TIMEx_MasterConfigSynchronization
 .text.HAL_TIMEx_CommutCallback
                0x0800360c        0x2 CMakeFiles/stm32_uwb_state_estimator.elf.dir/Drivers/STM32F1xx_HAL_Driver/Src/stm32f1xx_hal_tim_ex.c.obj
                0x0800360c                HAL_TIMEx_CommutCallback
 .text.HAL_TIMEx_BreakCallback
                0x0800360e        0x2 CMakeFiles/stm32_uwb_state_estimator.elf.dir/Drivers/STM32F1xx_HAL_Driver/Src/stm32f1xx_hal_tim_ex.c.obj
                0x0800360e                HAL_TIMEx_BreakCallback
 .text.UART_EndTxTransfer
                0x08003610       0x12 CMakeFiles/stm32_uwb_state_estimator.elf.dir/Drivers/STM32F1xx_HAL_Driver/Src/stm32f1xx_hal_uart.c.obj
 .text.UART_EndRxTransfer
                0x08003622       0x32 CMakeFiles/stm32_uwb_state_estimator.elf.dir/Drivers/STM32F1xx_HAL_Driver/Src/stm32f1xx_hal_uart.c.obj
 .text.UART_Transmit_IT
                0x08003654       0x60 CMakeFiles/stm32_uwb_state_estimator.elf.dir/Drivers/STM32F1xx_HAL_Driver/Src/stm32f1xx_hal_uart.c.obj
 .text.UART_SetConfig
                0x080036b4       0x94 CMakeFiles/stm32_uwb_state_estimator.elf.dir/Drivers/STM32F1xx_HAL_Driver/Src/stm32f1xx_hal_uart.c.obj
 .text.HAL_UART_Init
                0x08003748       0x5e CMakeFiles/stm32_uwb_state_estimator.elf.dir/Drivers/STM32F1xx_HAL_Driver/Src/stm32f1xx_hal_uart.c.obj
                0x08003748                HAL_UART_Init
 .text.HAL_UART_DeInit
                0x080037a6       0x32 CMakeFiles/stm32_uwb_state_estimator.elf.dir/Drivers/STM32F1xx_HAL_Driver/Src/stm32f1xx_hal_uart.c.obj
                0x080037a6                HAL_UART_DeInit
 .text.HAL_UART_Transmit_DMA
                0x080037d8       0x8c CMakeFiles/stm32_uwb_state_estimator.elf.dir/Drivers/STM32F1xx_HAL_Driver/Src/stm32f1xx_hal_uart.c.obj
                0x080037d8                HAL_UART_Transmit_DMA
 .text.UART_DMATransmitCplt
                0x08003864       0x30 CMakeFiles/stm32_uwb_state_estimator.elf.dir/Drivers/STM32F1xx_HAL_Driver/Src/stm32f1xx_hal_uart.c.obj
 .text.UART_EndTransmit_IT
                0x08003894       0x1a CMakeFiles/stm32_uwb_state_estimator.elf.dir/Drivers/STM32F1xx_HAL_Driver/Src/stm32f1xx_hal_uart.c.obj
 .text.HAL_UART_TxHalfCpltCallback
                0x080038ae        0x2 CMakeFiles/stm32_uwb_state_estimator.elf.dir/Drivers/STM32F1xx_HAL_Driver/Src/stm32f1xx_hal_uart.c.obj
                0x080038ae                HAL_UART_TxHalfCpltCallback
 .text.UART_DMATxHalfCplt
                0x080038b0        0xa CMakeFiles/stm32_uwb_state_estimator.elf.dir/Drivers/STM32F1xx_HAL_Driver/Src/stm32f1xx_hal_uart.c.obj
 .text.HAL_UART_RxCpltCallback
                0x080038ba        0x2 CMakeFiles/stm32_uwb_state_estimator.elf.dir/Drivers/STM32F1xx_HAL_Driver/Src/stm32f1xx_hal_uart.c.obj
                0x080038ba                HAL_UART_RxCpltCallback
 .text.HAL_UART_RxHalfCpltCallback
                0x080038bc        0x2 CMakeFiles/stm32_uwb_state_estimator.elf.dir/Drivers/STM32F1xx_HAL_Driver/Src/stm32f1xx_hal_uart.c.obj
                0x080038bc                HAL_UART_RxHalfCpltCallback
 .text.UART_DMAError
                0x080038be       0x58 CMakeFiles/stm32_uwb_state_estimator.elf.dir/Drivers/STM32F1xx_HAL_Driver/Src/stm32f1xx_hal_uart.c.obj
 .text.UART_DMAAbortOnError
                0x08003916       0x10 CMakeFiles/stm32_uwb_state_estimator.elf.dir/Drivers/STM32F1xx_HAL_Driver/Src/stm32f1xx_hal_uart.c.obj
 .text.HAL_UARTEx_RxEventCallback
                0x08003926        0x2 CMakeFiles/stm32_uwb_state_estimator.elf.dir/Drivers/STM32F1xx_HAL_Driver/Src/stm32f1xx_hal_uart.c.obj
                0x08003926                HAL_UARTEx_RxEventCallback
 .text.UART_Receive_IT
                0x08003928       0xd4 CMakeFiles/stm32_uwb_state_estimator.elf.dir/Drivers/STM32F1xx_HAL_Driver/Src/stm32f1xx_hal_uart.c.obj
 .text.HAL_UART_IRQHandler
                0x080039fc      0x204 CMakeFiles/stm32_uwb_state_estimator.elf.dir/Drivers/STM32F1xx_HAL_Driver/Src/stm32f1xx_hal_uart.c.obj
                0x080039fc                HAL_UART_IRQHandler
 .text.UART_DMARxHalfCplt
                0x08003c00       0x1a CMakeFiles/stm32_uwb_state_estimator.elf.dir/Drivers/STM32F1xx_HAL_Driver/Src/stm32f1xx_hal_uart.c.obj
 .text.UART_DMAReceiveCplt
                0x08003c1a       0x5e CMakeFiles/stm32_uwb_state_estimator.elf.dir/Drivers/STM32F1xx_HAL_Driver/Src/stm32f1xx_hal_uart.c.obj
 .text.UART_Start_Receive_DMA
                0x08003c78       0x78 CMakeFiles/stm32_uwb_state_estimator.elf.dir/Drivers/STM32F1xx_HAL_Driver/Src/stm32f1xx_hal_uart.c.obj
                0x08003c78                UART_Start_Receive_DMA
 .text.HAL_UART_Receive_DMA
                0x08003cf0       0x38 CMakeFiles/stm32_uwb_state_estimator.elf.dir/Drivers/STM32F1xx_HAL_Driver/Src/stm32f1xx_hal_uart.c.obj
                0x08003cf0                HAL_UART_Receive_DMA
 .text.abort    0x08003d28       0x10 c:/progra~2/gnuarm~1/102021~1.10/bin/../lib/gcc/arm-none-eabi/10.3.1/../../../../arm-none-eabi/lib/thumb/v7-m/nofp\libg.a(lib_a-abort.o)
                0x08003d28                abort
 .text.__errno  0x08003d38        0xc c:/progra~2/gnuarm~1/102021~1.10/bin/../lib/gcc/arm-none-eabi/10.3.1/../../../../arm-none-eabi/lib/thumb/v7-m/nofp\libg.a(lib_a-errno.o)
                0x08003d38                __errno
 .text.__libc_init_array
                0x08003d44       0x48 c:/progra~2/gnuarm~1/102021~1.10/bin/../lib/gcc/arm-none-eabi/10.3.1/../../../../arm-none-eabi/lib/thumb/v7-m/nofp\libg.a(lib_a-init.o)
                0x08003d44                __libc_init_array
 .text.memset   0x08003d8c       0xa4 c:/progra~2/gnuarm~1/102021~1.10/bin/../lib/gcc/arm-none-eabi/10.3.1/../../../../arm-none-eabi/lib/thumb/v7-m/nofp\libg.a(lib_a-memset.o)
                0x08003d8c                memset
 .text.raise    0x08003e30       0x5c c:/progra~2/gnuarm~1/102021~1.10/bin/../lib/gcc/arm-none-eabi/10.3.1/../../../../arm-none-eabi/lib/thumb/v7-m/nofp\libg.a(lib_a-signal.o)
                0x08003e30                raise
 .text._kill_r  0x08003e8c       0x28 c:/progra~2/gnuarm~1/102021~1.10/bin/../lib/gcc/arm-none-eabi/10.3.1/../../../../arm-none-eabi/lib/thumb/v7-m/nofp\libg.a(lib_a-signalr.o)
                0x08003e8c                _kill_r
 .text._getpid_r
                0x08003eb4        0x4 c:/progra~2/gnuarm~1/102021~1.10/bin/../lib/gcc/arm-none-eabi/10.3.1/../../../../arm-none-eabi/lib/thumb/v7-m/nofp\libg.a(lib_a-signalr.o)
                0x08003eb4                _getpid_r
 .text.startup.register_fini
                0x08003eb8       0x14 c:/progra~2/gnuarm~1/102021~1.10/bin/../lib/gcc/arm-none-eabi/10.3.1/../../../../arm-none-eabi/lib/thumb/v7-m/nofp\libg.a(lib_a-__call_atexit.o)
 .text.atexit   0x08003ecc        0xc c:/progra~2/gnuarm~1/102021~1.10/bin/../lib/gcc/arm-none-eabi/10.3.1/../../../../arm-none-eabi/lib/thumb/v7-m/nofp\libg.a(lib_a-atexit.o)
                0x08003ecc                atexit
 .text.__libc_fini_array
                0x08003ed8       0x2c c:/progra~2/gnuarm~1/102021~1.10/bin/../lib/gcc/arm-none-eabi/10.3.1/../../../../arm-none-eabi/lib/thumb/v7-m/nofp\libg.a(lib_a-fini.o)
                0x08003ed8                __libc_fini_array
 .text.__retarget_lock_acquire_recursive
                0x08003f04        0x4 c:/progra~2/gnuarm~1/102021~1.10/bin/../lib/gcc/arm-none-eabi/10.3.1/../../../../arm-none-eabi/lib/thumb/v7-m/nofp\libg.a(lib_a-lock.o)
                0x08003f04                __retarget_lock_acquire_recursive
 .text.__retarget_lock_release_recursive
                0x08003f08        0x4 c:/progra~2/gnuarm~1/102021~1.10/bin/../lib/gcc/arm-none-eabi/10.3.1/../../../../arm-none-eabi/lib/thumb/v7-m/nofp\libg.a(lib_a-lock.o)
                0x08003f08                __retarget_lock_release_recursive
 .text.__register_exitproc
                0x08003f0c       0x8c c:/progra~2/gnuarm~1/102021~1.10/bin/../lib/gcc/arm-none-eabi/10.3.1/../../../../arm-none-eabi/lib/thumb/v7-m/nofp\libg.a(lib_a-__atexit.o)
                0x08003f0c                __register_exitproc
 *(.glue_7)
 .glue_7        0x08003f98        0x0 linker stubs
 *(.glue_7t)
 .glue_7t       0x08003f98        0x0 linker stubs
 *(.eh_frame)
 .eh_frame      0x08003f98        0x0 c:/progra~2/gnuarm~1/102021~1.10/bin/../lib/gcc/arm-none-eabi/10.3.1/thumb/v7-m/nofp/crtbegin.o
 *(.init)
 .init          0x08003f98        0x4 c:/progra~2/gnuarm~1/102021~1.10/bin/../lib/gcc/arm-none-eabi/10.3.1/thumb/v7-m/nofp/crti.o
                0x08003f98                _init
 .init          0x08003f9c        0x8 c:/progra~2/gnuarm~1/102021~1.10/bin/../lib/gcc/arm-none-eabi/10.3.1/thumb/v7-m/nofp/crtn.o
 *(.fini)
 .fini          0x08003fa4        0x4 c:/progra~2/gnuarm~1/102021~1.10/bin/../lib/gcc/arm-none-eabi/10.3.1/thumb/v7-m/nofp/crti.o
                0x08003fa4                _fini
 .fini          0x08003fa8        0x8 c:/progra~2/gnuarm~1/102021~1.10/bin/../lib/gcc/arm-none-eabi/10.3.1/thumb/v7-m/nofp/crtn.o
                0x08003fb0                . = ALIGN (0x4)
                0x08003fb0                _etext = .

.vfp11_veneer   0x08003fb0        0x0
 .vfp11_veneer  0x08003fb0        0x0 linker stubs

.v4_bx          0x08003fb0        0x0
 .v4_bx         0x08003fb0        0x0 linker stubs

.iplt           0x08003fb0        0x0
 .iplt          0x08003fb0        0x0 c:/progra~2/gnuarm~1/102021~1.10/bin/../lib/gcc/arm-none-eabi/10.3.1/thumb/v7-m/nofp/crtbegin.o

.rodata         0x08003fb0       0x30
                0x08003fb0                . = ALIGN (0x4)
 *(.rodata)
 *(.rodata*)
 .rodata.AHBPrescTable
                0x08003fb0       0x10 CMakeFiles/stm32_uwb_state_estimator.elf.dir/Core/Src/system_stm32f1xx.c.obj
                0x08003fb0                AHBPrescTable
 .rodata.APBPrescTable
                0x08003fc0        0x8 CMakeFiles/stm32_uwb_state_estimator.elf.dir/Core/Src/system_stm32f1xx.c.obj
                0x08003fc0                APBPrescTable
 .rodata.HAL_RCC_GetSysClockFreq.str1.4
                0x08003fc8       0x11 CMakeFiles/stm32_uwb_state_estimator.elf.dir/Drivers/STM32F1xx_HAL_Driver/Src/stm32f1xx_hal_rcc.c.obj
 *fill*         0x08003fd9        0x3 
 .rodata._global_impure_ptr
                0x08003fdc        0x4 c:/progra~2/gnuarm~1/102021~1.10/bin/../lib/gcc/arm-none-eabi/10.3.1/../../../../arm-none-eabi/lib/thumb/v7-m/nofp\libg.a(lib_a-impure.o)
                0x08003fdc                _global_impure_ptr
                0x08003fe0                . = ALIGN (0x4)

.ARM.extab      0x08003fe0       0x24
                0x08003fe0                . = ALIGN (0x4)
 *(.ARM.extab* .gnu.linkonce.armextab.*)
 .ARM.extab.text.HAL_UART_ErrorCallback
                0x08003fe0        0xc CMakeFiles/stm32_uwb_state_estimator.elf.dir/Core/Src/main.cpp.obj
 .ARM.extab     0x08003fec       0x18 c:/progra~2/gnuarm~1/102021~1.10/bin/../lib/gcc/arm-none-eabi/10.3.1/thumb/v7-m/nofp\libgcc.a(pr-support.o)
                0x08004004                . = ALIGN (0x4)

.ARM            0x08004004       0xe8
                0x08004004                . = ALIGN (0x4)
                0x08004004                __exidx_start = .
 *(.ARM.exidx*)
 .ARM.exidx.text._Z41__static_initialization_and_destruction_0ii
                0x080040bc        0x0 CMakeFiles/stm32_uwb_state_estimator.elf.dir/Core/Src/main.cpp.obj
                                  0x8 (size before relaxing)
 .ARM.exidx.text.HAL_UART_TxCpltCallback
                0x080040bc        0x8 CMakeFiles/stm32_uwb_state_estimator.elf.dir/Core/Src/main.cpp.obj
 .ARM.exidx.text.HAL_UART_ErrorCallback
                0x080040c4        0x8 CMakeFiles/stm32_uwb_state_estimator.elf.dir/Core/Src/main.cpp.obj
 .ARM.exidx.text.HAL_TIM_PeriodElapsedCallback
                0x080040cc        0x8 CMakeFiles/stm32_uwb_state_estimator.elf.dir/Core/Src/main.cpp.obj
 .ARM.exidx.text.Error_Handler
                0x080040d4        0x0 CMakeFiles/stm32_uwb_state_estimator.elf.dir/Core/Src/main.cpp.obj
                                  0x8 (size before relaxing)
 .ARM.exidx.text._Z18SystemClock_Configv
                0x080040d4        0x8 CMakeFiles/stm32_uwb_state_estimator.elf.dir/Core/Src/main.cpp.obj
 .ARM.exidx.text.main
                0x080040dc        0x8 CMakeFiles/stm32_uwb_state_estimator.elf.dir/Core/Src/main.cpp.obj
 .ARM.exidx.text._GLOBAL__sub_I_m_sec
                0x080040e4        0x8 CMakeFiles/stm32_uwb_state_estimator.elf.dir/Core/Src/main.cpp.obj
 .ARM.exidx     0x08004004       0x80 c:/progra~2/gnuarm~1/102021~1.10/bin/../lib/gcc/arm-none-eabi/10.3.1/thumb/v7-m/nofp\libgcc.a(unwind-arm.o)
                                 0xd8 (size before relaxing)
 .ARM.exidx     0x08004084       0x38 c:/progra~2/gnuarm~1/102021~1.10/bin/../lib/gcc/arm-none-eabi/10.3.1/thumb/v7-m/nofp\libgcc.a(pr-support.o)
                0x080040ec                __exidx_end = .
                0x080040ec                . = ALIGN (0x4)

.rel.dyn        0x080040ec        0x0
 .rel.iplt      0x080040ec        0x0 c:/progra~2/gnuarm~1/102021~1.10/bin/../lib/gcc/arm-none-eabi/10.3.1/thumb/v7-m/nofp/crtbegin.o

.preinit_array  0x080040ec        0x0
                0x080040ec                . = ALIGN (0x4)
                0x080040ec                PROVIDE (__preinit_array_start = .)
 *(.preinit_array*)
                0x080040ec                PROVIDE (__preinit_array_end = .)
                0x080040ec                . = ALIGN (0x4)

.init_array     0x080040ec        0xc
                0x080040ec                . = ALIGN (0x4)
                0x080040ec                PROVIDE (__init_array_start = .)
 *(SORT_BY_NAME(.init_array.*))
 .init_array.00000
                0x080040ec        0x4 c:/progra~2/gnuarm~1/102021~1.10/bin/../lib/gcc/arm-none-eabi/10.3.1/../../../../arm-none-eabi/lib/thumb/v7-m/nofp\libg.a(lib_a-__call_atexit.o)
 *(.init_array*)
 .init_array    0x080040f0        0x4 c:/progra~2/gnuarm~1/102021~1.10/bin/../lib/gcc/arm-none-eabi/10.3.1/thumb/v7-m/nofp/crtbegin.o
 .init_array    0x080040f4        0x4 CMakeFiles/stm32_uwb_state_estimator.elf.dir/Core/Src/main.cpp.obj
                0x080040f8                PROVIDE (__init_array_end = .)
                0x080040f8                . = ALIGN (0x4)

.fini_array     0x080040f8        0x4
                0x080040f8                . = ALIGN (0x4)
                0x080040f8                PROVIDE (__fini_array_start = .)
 *(SORT_BY_NAME(.fini_array.*))
 *(.fini_array*)
 .fini_array    0x080040f8        0x4 c:/progra~2/gnuarm~1/102021~1.10/bin/../lib/gcc/arm-none-eabi/10.3.1/thumb/v7-m/nofp/crtbegin.o
                0x080040fc                PROVIDE (__fini_array_end = .)
                0x080040fc                . = ALIGN (0x4)
                0x080040fc                _sidata = LOADADDR (.data)

.data           0x20000000      0x4d4 load address 0x080040fc
                0x20000000                . = ALIGN (0x4)
                0x20000000                _sdata = .
 *(.data)
 *(.data*)
 .data.g_nlt_tagframe0
                0x20000000       0x94 CMakeFiles/stm32_uwb_state_estimator.elf.dir/Core/Inc/nlink/tagframe0.c.obj
                0x20000000                g_nlt_tagframe0
 .data.SystemCoreClock
                0x20000094        0x4 CMakeFiles/stm32_uwb_state_estimator.elf.dir/Core/Src/system_stm32f1xx.c.obj
                0x20000094                SystemCoreClock
 .data.uwTickFreq
                0x20000098        0x1 CMakeFiles/stm32_uwb_state_estimator.elf.dir/Drivers/STM32F1xx_HAL_Driver/Src/stm32f1xx_hal.c.obj
                0x20000098                uwTickFreq
 *fill*         0x20000099        0x3 
 .data.uwTickPrio
                0x2000009c        0x4 CMakeFiles/stm32_uwb_state_estimator.elf.dir/Drivers/STM32F1xx_HAL_Driver/Src/stm32f1xx_hal.c.obj
                0x2000009c                uwTickPrio
 .data._impure_ptr
                0x200000a0        0x4 c:/progra~2/gnuarm~1/102021~1.10/bin/../lib/gcc/arm-none-eabi/10.3.1/../../../../arm-none-eabi/lib/thumb/v7-m/nofp\libg.a(lib_a-impure.o)
                0x200000a0                _impure_ptr
 *fill*         0x200000a4        0x4 
 .data.impure_data
                0x200000a8      0x428 c:/progra~2/gnuarm~1/102021~1.10/bin/../lib/gcc/arm-none-eabi/10.3.1/../../../../arm-none-eabi/lib/thumb/v7-m/nofp\libg.a(lib_a-impure.o)
 .data.__atexit_recursive_mutex
                0x200004d0        0x4 c:/progra~2/gnuarm~1/102021~1.10/bin/../lib/gcc/arm-none-eabi/10.3.1/../../../../arm-none-eabi/lib/thumb/v7-m/nofp\libg.a(lib_a-__call_atexit.o)
                0x200004d0                __atexit_recursive_mutex
 *(.RamFunc)
 *(.RamFunc*)
                0x200004d4                . = ALIGN (0x4)
                0x200004d4                _edata = .

.igot.plt       0x200004d4        0x0 load address 0x080045d0
 .igot.plt      0x200004d4        0x0 c:/progra~2/gnuarm~1/102021~1.10/bin/../lib/gcc/arm-none-eabi/10.3.1/thumb/v7-m/nofp/crtbegin.o
                0x200004d4                . = ALIGN (0x4)

.bss            0x200004d4      0x830 load address 0x080045d0
                0x200004d4                _sbss = .
                0x200004d4                __bss_start__ = _sbss
 *(.bss)
 .bss           0x200004d4       0x1c c:/progra~2/gnuarm~1/102021~1.10/bin/../lib/gcc/arm-none-eabi/10.3.1/thumb/v7-m/nofp/crtbegin.o
 *(.bss*)
 .bss.g_frame   0x200004f0       0x80 CMakeFiles/stm32_uwb_state_estimator.elf.dir/Core/Inc/nlink/tagframe0.c.obj
 .bss._ZZN10UARTBuffer5flushEvE5mutex
                0x20000570        0x1 CMakeFiles/stm32_uwb_state_estimator.elf.dir/Core/Src/main.cpp.obj
                0x20000570                UARTBuffer::flush()::mutex
 *fill*         0x20000571        0x3 
 .bss.extractor
                0x20000574      0x24c CMakeFiles/stm32_uwb_state_estimator.elf.dir/Core/Src/main.cpp.obj
                0x20000574                extractor
 .bss.m_sec     0x200007c0        0x4 CMakeFiles/stm32_uwb_state_estimator.elf.dir/Core/Src/main.cpp.obj
                0x200007c0                m_sec
 .bss.publisher
                0x200007c4       0x10 CMakeFiles/stm32_uwb_state_estimator.elf.dir/Core/Src/main.cpp.obj
                0x200007c4                publisher
 .bss.uart_buffer
                0x200007d4      0x410 CMakeFiles/stm32_uwb_state_estimator.elf.dir/Core/Src/main.cpp.obj
                0x200007d4                uart_buffer
 .bss.htim2     0x20000be4       0x48 CMakeFiles/stm32_uwb_state_estimator.elf.dir/Core/Src/tim.c.obj
                0x20000be4                htim2
 .bss.hdma_usart1_rx
                0x20000c2c       0x44 CMakeFiles/stm32_uwb_state_estimator.elf.dir/Core/Src/usart.c.obj
                0x20000c2c                hdma_usart1_rx
 .bss.hdma_usart1_tx
                0x20000c70       0x44 CMakeFiles/stm32_uwb_state_estimator.elf.dir/Core/Src/usart.c.obj
                0x20000c70                hdma_usart1_tx
 .bss.huart1    0x20000cb4       0x44 CMakeFiles/stm32_uwb_state_estimator.elf.dir/Core/Src/usart.c.obj
                0x20000cb4                huart1
 .bss.uwTick    0x20000cf8        0x4 CMakeFiles/stm32_uwb_state_estimator.elf.dir/Drivers/STM32F1xx_HAL_Driver/Src/stm32f1xx_hal.c.obj
                0x20000cf8                uwTick
 .bss.__lock___atexit_recursive_mutex
                0x20000cfc        0x1 c:/progra~2/gnuarm~1/102021~1.10/bin/../lib/gcc/arm-none-eabi/10.3.1/../../../../arm-none-eabi/lib/thumb/v7-m/nofp\libg.a(lib_a-lock.o)
                0x20000cfc                __lock___atexit_recursive_mutex
 *fill*         0x20000cfd        0x3 
 .bss.errno     0x20000d00        0x4 c:/progra~2/gnuarm~1/102021~1.10/bin/../lib/gcc/arm-none-eabi/10.3.1/../../../../arm-none-eabi/lib/thumb/v7-m/nofp\libg.a(lib_a-reent.o)
                0x20000d00                errno
 *(COMMON)
                0x20000d04                . = ALIGN (0x4)
                0x20000d04                _ebss = .
                0x20000d04                __bss_end__ = _ebss

._user_heap_stack
                0x20000d04      0x604 load address 0x080045d0
                0x20000d08                . = ALIGN (0x8)
 *fill*         0x20000d04        0x4 
                [!provide]                PROVIDE (end = .)
                0x20000d08                PROVIDE (_end = .)
                0x20000f08                . = (. + _Min_Heap_Size)
 *fill*         0x20000d08      0x200 
                0x20001308                . = (. + _Min_Stack_Size)
 *fill*         0x20000f08      0x400 
                0x20001308                . = ALIGN (0x8)

/DISCARD/
 libc.a(*)
 libm.a(*)
 libgcc.a(*)

.ARM.attributes
                0x00000000       0x29
 *(.ARM.attributes)
 .ARM.attributes
                0x00000000       0x1d c:/progra~2/gnuarm~1/102021~1.10/bin/../lib/gcc/arm-none-eabi/10.3.1/thumb/v7-m/nofp/crti.o
 .ARM.attributes
                0x0000001d       0x2d c:/progra~2/gnuarm~1/102021~1.10/bin/../lib/gcc/arm-none-eabi/10.3.1/thumb/v7-m/nofp/crtbegin.o
 .ARM.attributes
                0x0000004a       0x2d CMakeFiles/stm32_uwb_state_estimator.elf.dir/Core/Inc/nlink/tagframe0.c.obj
 .ARM.attributes
                0x00000077       0x2d CMakeFiles/stm32_uwb_state_estimator.elf.dir/Core/Inc/nlink/utils.c.obj
 .ARM.attributes
                0x000000a4       0x2d CMakeFiles/stm32_uwb_state_estimator.elf.dir/Core/Src/dma.c.obj
 .ARM.attributes
                0x000000d1       0x2d CMakeFiles/stm32_uwb_state_estimator.elf.dir/Core/Src/gpio.c.obj
 .ARM.attributes
                0x000000fe       0x2d CMakeFiles/stm32_uwb_state_estimator.elf.dir/Core/Src/main.cpp.obj
 .ARM.attributes
                0x0000012b       0x2d CMakeFiles/stm32_uwb_state_estimator.elf.dir/Core/Src/stm32f1xx_hal_msp.c.obj
 .ARM.attributes
                0x00000158       0x2d CMakeFiles/stm32_uwb_state_estimator.elf.dir/Core/Src/stm32f1xx_it.c.obj
 .ARM.attributes
                0x00000185       0x2d CMakeFiles/stm32_uwb_state_estimator.elf.dir/Core/Src/syscalls.c.obj
 .ARM.attributes
                0x000001b2       0x2d CMakeFiles/stm32_uwb_state_estimator.elf.dir/Core/Src/system_stm32f1xx.c.obj
 .ARM.attributes
                0x000001df       0x2d CMakeFiles/stm32_uwb_state_estimator.elf.dir/Core/Src/tim.c.obj
 .ARM.attributes
                0x0000020c       0x2d CMakeFiles/stm32_uwb_state_estimator.elf.dir/Core/Src/usart.c.obj
 .ARM.attributes
                0x00000239       0x21 CMakeFiles/stm32_uwb_state_estimator.elf.dir/Core/Startup/startup_stm32f103c8tx.s.obj
 .ARM.attributes
                0x0000025a       0x2d CMakeFiles/stm32_uwb_state_estimator.elf.dir/Drivers/STM32F1xx_HAL_Driver/Src/stm32f1xx_hal.c.obj
 .ARM.attributes
                0x00000287       0x2d CMakeFiles/stm32_uwb_state_estimator.elf.dir/Drivers/STM32F1xx_HAL_Driver/Src/stm32f1xx_hal_cortex.c.obj
 .ARM.attributes
                0x000002b4       0x2d CMakeFiles/stm32_uwb_state_estimator.elf.dir/Drivers/STM32F1xx_HAL_Driver/Src/stm32f1xx_hal_dma.c.obj
 .ARM.attributes
                0x000002e1       0x2d CMakeFiles/stm32_uwb_state_estimator.elf.dir/Drivers/STM32F1xx_HAL_Driver/Src/stm32f1xx_hal_gpio.c.obj
 .ARM.attributes
                0x0000030e       0x2d CMakeFiles/stm32_uwb_state_estimator.elf.dir/Drivers/STM32F1xx_HAL_Driver/Src/stm32f1xx_hal_rcc.c.obj
 .ARM.attributes
                0x0000033b       0x2d CMakeFiles/stm32_uwb_state_estimator.elf.dir/Drivers/STM32F1xx_HAL_Driver/Src/stm32f1xx_hal_rcc_ex.c.obj
 .ARM.attributes
                0x00000368       0x2d CMakeFiles/stm32_uwb_state_estimator.elf.dir/Drivers/STM32F1xx_HAL_Driver/Src/stm32f1xx_hal_tim.c.obj
 .ARM.attributes
                0x00000395       0x2d CMakeFiles/stm32_uwb_state_estimator.elf.dir/Drivers/STM32F1xx_HAL_Driver/Src/stm32f1xx_hal_tim_ex.c.obj
 .ARM.attributes
                0x000003c2       0x2d CMakeFiles/stm32_uwb_state_estimator.elf.dir/Drivers/STM32F1xx_HAL_Driver/Src/stm32f1xx_hal_uart.c.obj
 .ARM.attributes
                0x000003ef       0x1d c:/progra~2/gnuarm~1/102021~1.10/bin/../lib/gcc/arm-none-eabi/10.3.1/thumb/v7-m/nofp\libgcc.a(_arm_addsubsf3.o)
 .ARM.attributes
                0x0000040c       0x1d c:/progra~2/gnuarm~1/102021~1.10/bin/../lib/gcc/arm-none-eabi/10.3.1/thumb/v7-m/nofp\libgcc.a(_arm_muldivsf3.o)
 .ARM.attributes
                0x00000429       0x1d c:/progra~2/gnuarm~1/102021~1.10/bin/../lib/gcc/arm-none-eabi/10.3.1/thumb/v7-m/nofp\libgcc.a(_arm_fixunssfsi.o)
 .ARM.attributes
                0x00000446       0x2d c:/progra~2/gnuarm~1/102021~1.10/bin/../lib/gcc/arm-none-eabi/10.3.1/thumb/v7-m/nofp\libgcc.a(unwind-arm.o)
 .ARM.attributes
                0x00000473       0x1d c:/progra~2/gnuarm~1/102021~1.10/bin/../lib/gcc/arm-none-eabi/10.3.1/thumb/v7-m/nofp\libgcc.a(libunwind.o)
 .ARM.attributes
                0x00000490       0x2d c:/progra~2/gnuarm~1/102021~1.10/bin/../lib/gcc/arm-none-eabi/10.3.1/thumb/v7-m/nofp\libgcc.a(pr-support.o)
 .ARM.attributes
                0x000004bd       0x2d c:/progra~2/gnuarm~1/102021~1.10/bin/../lib/gcc/arm-none-eabi/10.3.1/../../../../arm-none-eabi/lib/thumb/v7-m/nofp\libg.a(lib_a-abort.o)
 .ARM.attributes
                0x000004ea       0x2d c:/progra~2/gnuarm~1/102021~1.10/bin/../lib/gcc/arm-none-eabi/10.3.1/../../../../arm-none-eabi/lib/thumb/v7-m/nofp\libg.a(lib_a-errno.o)
 .ARM.attributes
                0x00000517       0x2d c:/progra~2/gnuarm~1/102021~1.10/bin/../lib/gcc/arm-none-eabi/10.3.1/../../../../arm-none-eabi/lib/thumb/v7-m/nofp\libg.a(lib_a-impure.o)
 .ARM.attributes
                0x00000544       0x2d c:/progra~2/gnuarm~1/102021~1.10/bin/../lib/gcc/arm-none-eabi/10.3.1/../../../../arm-none-eabi/lib/thumb/v7-m/nofp\libg.a(lib_a-init.o)
 .ARM.attributes
                0x00000571       0x1b c:/progra~2/gnuarm~1/102021~1.10/bin/../lib/gcc/arm-none-eabi/10.3.1/../../../../arm-none-eabi/lib/thumb/v7-m/nofp\libg.a(lib_a-memcpy.o)
 .ARM.attributes
                0x0000058c       0x2d c:/progra~2/gnuarm~1/102021~1.10/bin/../lib/gcc/arm-none-eabi/10.3.1/../../../../arm-none-eabi/lib/thumb/v7-m/nofp\libg.a(lib_a-memset.o)
 .ARM.attributes
                0x000005b9       0x2d c:/progra~2/gnuarm~1/102021~1.10/bin/../lib/gcc/arm-none-eabi/10.3.1/../../../../arm-none-eabi/lib/thumb/v7-m/nofp\libg.a(lib_a-signal.o)
 .ARM.attributes
                0x000005e6       0x2d c:/progra~2/gnuarm~1/102021~1.10/bin/../lib/gcc/arm-none-eabi/10.3.1/../../../../arm-none-eabi/lib/thumb/v7-m/nofp\libg.a(lib_a-signalr.o)
 .ARM.attributes
                0x00000613       0x2d c:/progra~2/gnuarm~1/102021~1.10/bin/../lib/gcc/arm-none-eabi/10.3.1/../../../../arm-none-eabi/lib/thumb/v7-m/nofp\libg.a(lib_a-__call_atexit.o)
 .ARM.attributes
                0x00000640       0x2d c:/progra~2/gnuarm~1/102021~1.10/bin/../lib/gcc/arm-none-eabi/10.3.1/../../../../arm-none-eabi/lib/thumb/v7-m/nofp\libg.a(lib_a-atexit.o)
 .ARM.attributes
                0x0000066d       0x2d c:/progra~2/gnuarm~1/102021~1.10/bin/../lib/gcc/arm-none-eabi/10.3.1/../../../../arm-none-eabi/lib/thumb/v7-m/nofp\libg.a(lib_a-fini.o)
 .ARM.attributes
                0x0000069a       0x2d c:/progra~2/gnuarm~1/102021~1.10/bin/../lib/gcc/arm-none-eabi/10.3.1/../../../../arm-none-eabi/lib/thumb/v7-m/nofp\libg.a(lib_a-lock.o)
 .ARM.attributes
                0x000006c7       0x2d c:/progra~2/gnuarm~1/102021~1.10/bin/../lib/gcc/arm-none-eabi/10.3.1/../../../../arm-none-eabi/lib/thumb/v7-m/nofp\libg.a(lib_a-reent.o)
 .ARM.attributes
                0x000006f4       0x2d c:/progra~2/gnuarm~1/102021~1.10/bin/../lib/gcc/arm-none-eabi/10.3.1/../../../../arm-none-eabi/lib/thumb/v7-m/nofp\libg.a(lib_a-__atexit.o)
 .ARM.attributes
                0x00000721       0x1d c:/progra~2/gnuarm~1/102021~1.10/bin/../lib/gcc/arm-none-eabi/10.3.1/thumb/v7-m/nofp/crtn.o
OUTPUT(stm32_uwb_state_estimator.elf elf32-littlearm)
LOAD linker stubs
LOAD c:/progra~2/gnuarm~1/102021~1.10/bin/../lib/gcc/arm-none-eabi/10.3.1/../../../../arm-none-eabi/lib/thumb/v7-m/nofp\libc.a
LOAD c:/progra~2/gnuarm~1/102021~1.10/bin/../lib/gcc/arm-none-eabi/10.3.1/../../../../arm-none-eabi/lib/thumb/v7-m/nofp\libm.a
LOAD c:/progra~2/gnuarm~1/102021~1.10/bin/../lib/gcc/arm-none-eabi/10.3.1/thumb/v7-m/nofp\libgcc.a

.debug_info     0x00000000    0x1064c
 .debug_info    0x00000000      0x6bf CMakeFiles/stm32_uwb_state_estimator.elf.dir/Core/Inc/nlink/tagframe0.c.obj
 .debug_info    0x000006bf      0x3f3 CMakeFiles/stm32_uwb_state_estimator.elf.dir/Core/Inc/nlink/utils.c.obj
 .debug_info    0x00000ab2      0x324 CMakeFiles/stm32_uwb_state_estimator.elf.dir/Core/Src/dma.c.obj
 .debug_info    0x00000dd6      0x30e CMakeFiles/stm32_uwb_state_estimator.elf.dir/Core/Src/gpio.c.obj
 .debug_info    0x000010e4     0x25f3 CMakeFiles/stm32_uwb_state_estimator.elf.dir/Core/Src/main.cpp.obj
 .debug_info    0x000036d7      0x211 CMakeFiles/stm32_uwb_state_estimator.elf.dir/Core/Src/stm32f1xx_hal_msp.c.obj
 .debug_info    0x000038e8      0xa1b CMakeFiles/stm32_uwb_state_estimator.elf.dir/Core/Src/stm32f1xx_it.c.obj
 .debug_info    0x00004303      0x7af CMakeFiles/stm32_uwb_state_estimator.elf.dir/Core/Src/syscalls.c.obj
 .debug_info    0x00004ab2      0x248 CMakeFiles/stm32_uwb_state_estimator.elf.dir/Core/Src/system_stm32f1xx.c.obj
 .debug_info    0x00004cfa      0xa57 CMakeFiles/stm32_uwb_state_estimator.elf.dir/Core/Src/tim.c.obj
 .debug_info    0x00005751      0xb05 CMakeFiles/stm32_uwb_state_estimator.elf.dir/Core/Src/usart.c.obj
 .debug_info    0x00006256       0x22 CMakeFiles/stm32_uwb_state_estimator.elf.dir/Core/Startup/startup_stm32f103c8tx.s.obj
 .debug_info    0x00006278      0x7a8 CMakeFiles/stm32_uwb_state_estimator.elf.dir/Drivers/STM32F1xx_HAL_Driver/Src/stm32f1xx_hal.c.obj
 .debug_info    0x00006a20      0xd8a CMakeFiles/stm32_uwb_state_estimator.elf.dir/Drivers/STM32F1xx_HAL_Driver/Src/stm32f1xx_hal_cortex.c.obj
 .debug_info    0x000077aa      0x846 CMakeFiles/stm32_uwb_state_estimator.elf.dir/Drivers/STM32F1xx_HAL_Driver/Src/stm32f1xx_hal_dma.c.obj
 .debug_info    0x00007ff0      0x66f CMakeFiles/stm32_uwb_state_estimator.elf.dir/Drivers/STM32F1xx_HAL_Driver/Src/stm32f1xx_hal_gpio.c.obj
 .debug_info    0x0000865f      0xa36 CMakeFiles/stm32_uwb_state_estimator.elf.dir/Drivers/STM32F1xx_HAL_Driver/Src/stm32f1xx_hal_rcc.c.obj
 .debug_info    0x00009095      0x443 CMakeFiles/stm32_uwb_state_estimator.elf.dir/Drivers/STM32F1xx_HAL_Driver/Src/stm32f1xx_hal_rcc_ex.c.obj
 .debug_info    0x000094d8     0x3b00 CMakeFiles/stm32_uwb_state_estimator.elf.dir/Drivers/STM32F1xx_HAL_Driver/Src/stm32f1xx_hal_tim.c.obj
 .debug_info    0x0000cfd8     0x19e9 CMakeFiles/stm32_uwb_state_estimator.elf.dir/Drivers/STM32F1xx_HAL_Driver/Src/stm32f1xx_hal_tim_ex.c.obj
 .debug_info    0x0000e9c1     0x1c8b CMakeFiles/stm32_uwb_state_estimator.elf.dir/Drivers/STM32F1xx_HAL_Driver/Src/stm32f1xx_hal_uart.c.obj

.debug_abbrev   0x00000000     0x28f8
 .debug_abbrev  0x00000000      0x19a CMakeFiles/stm32_uwb_state_estimator.elf.dir/Core/Inc/nlink/tagframe0.c.obj
 .debug_abbrev  0x0000019a      0x14b CMakeFiles/stm32_uwb_state_estimator.elf.dir/Core/Inc/nlink/utils.c.obj
 .debug_abbrev  0x000002e5      0x114 CMakeFiles/stm32_uwb_state_estimator.elf.dir/Core/Src/dma.c.obj
 .debug_abbrev  0x000003f9      0x13c CMakeFiles/stm32_uwb_state_estimator.elf.dir/Core/Src/gpio.c.obj
 .debug_abbrev  0x00000535      0x634 CMakeFiles/stm32_uwb_state_estimator.elf.dir/Core/Src/main.cpp.obj
 .debug_abbrev  0x00000b69       0xe5 CMakeFiles/stm32_uwb_state_estimator.elf.dir/Core/Src/stm32f1xx_hal_msp.c.obj
 .debug_abbrev  0x00000c4e      0x179 CMakeFiles/stm32_uwb_state_estimator.elf.dir/Core/Src/stm32f1xx_it.c.obj
 .debug_abbrev  0x00000dc7      0x1a3 CMakeFiles/stm32_uwb_state_estimator.elf.dir/Core/Src/syscalls.c.obj
 .debug_abbrev  0x00000f6a      0x13e CMakeFiles/stm32_uwb_state_estimator.elf.dir/Core/Src/system_stm32f1xx.c.obj
 .debug_abbrev  0x000010a8      0x1de CMakeFiles/stm32_uwb_state_estimator.elf.dir/Core/Src/tim.c.obj
 .debug_abbrev  0x00001286      0x203 CMakeFiles/stm32_uwb_state_estimator.elf.dir/Core/Src/usart.c.obj
 .debug_abbrev  0x00001489       0x12 CMakeFiles/stm32_uwb_state_estimator.elf.dir/Core/Startup/startup_stm32f103c8tx.s.obj
 .debug_abbrev  0x0000149b      0x1f4 CMakeFiles/stm32_uwb_state_estimator.elf.dir/Drivers/STM32F1xx_HAL_Driver/Src/stm32f1xx_hal.c.obj
 .debug_abbrev  0x0000168f      0x341 CMakeFiles/stm32_uwb_state_estimator.elf.dir/Drivers/STM32F1xx_HAL_Driver/Src/stm32f1xx_hal_cortex.c.obj
 .debug_abbrev  0x000019d0      0x223 CMakeFiles/stm32_uwb_state_estimator.elf.dir/Drivers/STM32F1xx_HAL_Driver/Src/stm32f1xx_hal_dma.c.obj
 .debug_abbrev  0x00001bf3      0x1e6 CMakeFiles/stm32_uwb_state_estimator.elf.dir/Drivers/STM32F1xx_HAL_Driver/Src/stm32f1xx_hal_gpio.c.obj
 .debug_abbrev  0x00001dd9      0x27a CMakeFiles/stm32_uwb_state_estimator.elf.dir/Drivers/STM32F1xx_HAL_Driver/Src/stm32f1xx_hal_rcc.c.obj
 .debug_abbrev  0x00002053      0x1d2 CMakeFiles/stm32_uwb_state_estimator.elf.dir/Drivers/STM32F1xx_HAL_Driver/Src/stm32f1xx_hal_rcc_ex.c.obj
 .debug_abbrev  0x00002225      0x23e CMakeFiles/stm32_uwb_state_estimator.elf.dir/Drivers/STM32F1xx_HAL_Driver/Src/stm32f1xx_hal_tim.c.obj
 .debug_abbrev  0x00002463      0x241 CMakeFiles/stm32_uwb_state_estimator.elf.dir/Drivers/STM32F1xx_HAL_Driver/Src/stm32f1xx_hal_tim_ex.c.obj
 .debug_abbrev  0x000026a4      0x254 CMakeFiles/stm32_uwb_state_estimator.elf.dir/Drivers/STM32F1xx_HAL_Driver/Src/stm32f1xx_hal_uart.c.obj

.debug_loc      0x00000000     0xb273
 .debug_loc     0x00000000      0x17e CMakeFiles/stm32_uwb_state_estimator.elf.dir/Core/Inc/nlink/tagframe0.c.obj
 .debug_loc     0x0000017e      0x2e7 CMakeFiles/stm32_uwb_state_estimator.elf.dir/Core/Inc/nlink/utils.c.obj
 .debug_loc     0x00000465      0x6a9 CMakeFiles/stm32_uwb_state_estimator.elf.dir/Core/Src/main.cpp.obj
 .debug_loc     0x00000b0e       0x15 CMakeFiles/stm32_uwb_state_estimator.elf.dir/Core/Src/stm32f1xx_hal_msp.c.obj
 .debug_loc     0x00000b23      0x3c5 CMakeFiles/stm32_uwb_state_estimator.elf.dir/Core/Src/syscalls.c.obj
 .debug_loc     0x00000ee8       0xff CMakeFiles/stm32_uwb_state_estimator.elf.dir/Core/Src/system_stm32f1xx.c.obj
 .debug_loc     0x00000fe7       0x67 CMakeFiles/stm32_uwb_state_estimator.elf.dir/Core/Src/tim.c.obj
 .debug_loc     0x0000104e       0xb4 CMakeFiles/stm32_uwb_state_estimator.elf.dir/Core/Src/usart.c.obj
 .debug_loc     0x00001102      0x141 CMakeFiles/stm32_uwb_state_estimator.elf.dir/Drivers/STM32F1xx_HAL_Driver/Src/stm32f1xx_hal.c.obj
 .debug_loc     0x00001243      0x71f CMakeFiles/stm32_uwb_state_estimator.elf.dir/Drivers/STM32F1xx_HAL_Driver/Src/stm32f1xx_hal_cortex.c.obj
 .debug_loc     0x00001962      0x7d1 CMakeFiles/stm32_uwb_state_estimator.elf.dir/Drivers/STM32F1xx_HAL_Driver/Src/stm32f1xx_hal_dma.c.obj
 .debug_loc     0x00002133      0x47d CMakeFiles/stm32_uwb_state_estimator.elf.dir/Drivers/STM32F1xx_HAL_Driver/Src/stm32f1xx_hal_gpio.c.obj
 .debug_loc     0x000025b0      0x63e CMakeFiles/stm32_uwb_state_estimator.elf.dir/Drivers/STM32F1xx_HAL_Driver/Src/stm32f1xx_hal_rcc.c.obj
 .debug_loc     0x00002bee      0x3c8 CMakeFiles/stm32_uwb_state_estimator.elf.dir/Drivers/STM32F1xx_HAL_Driver/Src/stm32f1xx_hal_rcc_ex.c.obj
 .debug_loc     0x00002fb6     0x47a8 CMakeFiles/stm32_uwb_state_estimator.elf.dir/Drivers/STM32F1xx_HAL_Driver/Src/stm32f1xx_hal_tim.c.obj
 .debug_loc     0x0000775e     0x1ade CMakeFiles/stm32_uwb_state_estimator.elf.dir/Drivers/STM32F1xx_HAL_Driver/Src/stm32f1xx_hal_tim_ex.c.obj
 .debug_loc     0x0000923c     0x2037 CMakeFiles/stm32_uwb_state_estimator.elf.dir/Drivers/STM32F1xx_HAL_Driver/Src/stm32f1xx_hal_uart.c.obj

.debug_aranges  0x00000000      0xd38
 .debug_aranges
                0x00000000       0x20 CMakeFiles/stm32_uwb_state_estimator.elf.dir/Core/Inc/nlink/tagframe0.c.obj
 .debug_aranges
                0x00000020       0x48 CMakeFiles/stm32_uwb_state_estimator.elf.dir/Core/Inc/nlink/utils.c.obj
 .debug_aranges
                0x00000068       0x20 CMakeFiles/stm32_uwb_state_estimator.elf.dir/Core/Src/dma.c.obj
 .debug_aranges
                0x00000088       0x20 CMakeFiles/stm32_uwb_state_estimator.elf.dir/Core/Src/gpio.c.obj
 .debug_aranges
                0x000000a8       0x58 CMakeFiles/stm32_uwb_state_estimator.elf.dir/Core/Src/main.cpp.obj
 .debug_aranges
                0x00000100       0x20 CMakeFiles/stm32_uwb_state_estimator.elf.dir/Core/Src/stm32f1xx_hal_msp.c.obj
 .debug_aranges
                0x00000120       0x80 CMakeFiles/stm32_uwb_state_estimator.elf.dir/Core/Src/stm32f1xx_it.c.obj
 .debug_aranges
                0x000001a0       0xa8 CMakeFiles/stm32_uwb_state_estimator.elf.dir/Core/Src/syscalls.c.obj
 .debug_aranges
                0x00000248       0x28 CMakeFiles/stm32_uwb_state_estimator.elf.dir/Core/Src/system_stm32f1xx.c.obj
 .debug_aranges
                0x00000270       0x30 CMakeFiles/stm32_uwb_state_estimator.elf.dir/Core/Src/tim.c.obj
 .debug_aranges
                0x000002a0       0x30 CMakeFiles/stm32_uwb_state_estimator.elf.dir/Core/Src/usart.c.obj
 .debug_aranges
                0x000002d0       0x28 CMakeFiles/stm32_uwb_state_estimator.elf.dir/Core/Startup/startup_stm32f103c8tx.s.obj
 .debug_aranges
                0x000002f8       0xe0 CMakeFiles/stm32_uwb_state_estimator.elf.dir/Drivers/STM32F1xx_HAL_Driver/Src/stm32f1xx_hal.c.obj
 .debug_aranges
                0x000003d8       0x90 CMakeFiles/stm32_uwb_state_estimator.elf.dir/Drivers/STM32F1xx_HAL_Driver/Src/stm32f1xx_hal_cortex.c.obj
 .debug_aranges
                0x00000468       0x80 CMakeFiles/stm32_uwb_state_estimator.elf.dir/Drivers/STM32F1xx_HAL_Driver/Src/stm32f1xx_hal_dma.c.obj
 .debug_aranges
                0x000004e8       0x58 CMakeFiles/stm32_uwb_state_estimator.elf.dir/Drivers/STM32F1xx_HAL_Driver/Src/stm32f1xx_hal_gpio.c.obj
 .debug_aranges
                0x00000540       0x90 CMakeFiles/stm32_uwb_state_estimator.elf.dir/Drivers/STM32F1xx_HAL_Driver/Src/stm32f1xx_hal_rcc.c.obj
 .debug_aranges
                0x000005d0       0x30 CMakeFiles/stm32_uwb_state_estimator.elf.dir/Drivers/STM32F1xx_HAL_Driver/Src/stm32f1xx_hal_rcc_ex.c.obj
 .debug_aranges
                0x00000600      0x3d0 CMakeFiles/stm32_uwb_state_estimator.elf.dir/Drivers/STM32F1xx_HAL_Driver/Src/stm32f1xx_hal_tim.c.obj
 .debug_aranges
                0x000009d0      0x168 CMakeFiles/stm32_uwb_state_estimator.elf.dir/Drivers/STM32F1xx_HAL_Driver/Src/stm32f1xx_hal_tim_ex.c.obj
 .debug_aranges
                0x00000b38      0x200 CMakeFiles/stm32_uwb_state_estimator.elf.dir/Drivers/STM32F1xx_HAL_Driver/Src/stm32f1xx_hal_uart.c.obj

.debug_ranges   0x00000000      0xdc8
 .debug_ranges  0x00000000       0x28 CMakeFiles/stm32_uwb_state_estimator.elf.dir/Core/Inc/nlink/tagframe0.c.obj
 .debug_ranges  0x00000028       0x68 CMakeFiles/stm32_uwb_state_estimator.elf.dir/Core/Inc/nlink/utils.c.obj
 .debug_ranges  0x00000090       0x10 CMakeFiles/stm32_uwb_state_estimator.elf.dir/Core/Src/dma.c.obj
 .debug_ranges  0x000000a0       0x10 CMakeFiles/stm32_uwb_state_estimator.elf.dir/Core/Src/gpio.c.obj
 .debug_ranges  0x000000b0      0x140 CMakeFiles/stm32_uwb_state_estimator.elf.dir/Core/Src/main.cpp.obj
 .debug_ranges  0x000001f0       0x10 CMakeFiles/stm32_uwb_state_estimator.elf.dir/Core/Src/stm32f1xx_hal_msp.c.obj
 .debug_ranges  0x00000200       0x70 CMakeFiles/stm32_uwb_state_estimator.elf.dir/Core/Src/stm32f1xx_it.c.obj
 .debug_ranges  0x00000270       0x98 CMakeFiles/stm32_uwb_state_estimator.elf.dir/Core/Src/syscalls.c.obj
 .debug_ranges  0x00000308       0x18 CMakeFiles/stm32_uwb_state_estimator.elf.dir/Core/Src/system_stm32f1xx.c.obj
 .debug_ranges  0x00000320       0x20 CMakeFiles/stm32_uwb_state_estimator.elf.dir/Core/Src/tim.c.obj
 .debug_ranges  0x00000340       0x20 CMakeFiles/stm32_uwb_state_estimator.elf.dir/Core/Src/usart.c.obj
 .debug_ranges  0x00000360       0x20 CMakeFiles/stm32_uwb_state_estimator.elf.dir/Core/Startup/startup_stm32f103c8tx.s.obj
 .debug_ranges  0x00000380       0xd0 CMakeFiles/stm32_uwb_state_estimator.elf.dir/Drivers/STM32F1xx_HAL_Driver/Src/stm32f1xx_hal.c.obj
 .debug_ranges  0x00000450       0xe0 CMakeFiles/stm32_uwb_state_estimator.elf.dir/Drivers/STM32F1xx_HAL_Driver/Src/stm32f1xx_hal_cortex.c.obj
 .debug_ranges  0x00000530       0x70 CMakeFiles/stm32_uwb_state_estimator.elf.dir/Drivers/STM32F1xx_HAL_Driver/Src/stm32f1xx_hal_dma.c.obj
 .debug_ranges  0x000005a0       0x48 CMakeFiles/stm32_uwb_state_estimator.elf.dir/Drivers/STM32F1xx_HAL_Driver/Src/stm32f1xx_hal_gpio.c.obj
 .debug_ranges  0x000005e8       0xa0 CMakeFiles/stm32_uwb_state_estimator.elf.dir/Drivers/STM32F1xx_HAL_Driver/Src/stm32f1xx_hal_rcc.c.obj
 .debug_ranges  0x00000688       0x38 CMakeFiles/stm32_uwb_state_estimator.elf.dir/Drivers/STM32F1xx_HAL_Driver/Src/stm32f1xx_hal_rcc_ex.c.obj
 .debug_ranges  0x000006c0      0x3c0 CMakeFiles/stm32_uwb_state_estimator.elf.dir/Drivers/STM32F1xx_HAL_Driver/Src/stm32f1xx_hal_tim.c.obj
 .debug_ranges  0x00000a80      0x158 CMakeFiles/stm32_uwb_state_estimator.elf.dir/Drivers/STM32F1xx_HAL_Driver/Src/stm32f1xx_hal_tim_ex.c.obj
 .debug_ranges  0x00000bd8      0x1f0 CMakeFiles/stm32_uwb_state_estimator.elf.dir/Drivers/STM32F1xx_HAL_Driver/Src/stm32f1xx_hal_uart.c.obj

.debug_line     0x00000000     0xdb74
 .debug_line    0x00000000      0x2cf CMakeFiles/stm32_uwb_state_estimator.elf.dir/Core/Inc/nlink/tagframe0.c.obj
 .debug_line    0x000002cf      0x33d CMakeFiles/stm32_uwb_state_estimator.elf.dir/Core/Inc/nlink/utils.c.obj
 .debug_line    0x0000060c      0x1f7 CMakeFiles/stm32_uwb_state_estimator.elf.dir/Core/Src/dma.c.obj
 .debug_line    0x00000803      0x241 CMakeFiles/stm32_uwb_state_estimator.elf.dir/Core/Src/gpio.c.obj
 .debug_line    0x00000a44      0xadf CMakeFiles/stm32_uwb_state_estimator.elf.dir/Core/Src/main.cpp.obj
 .debug_line    0x00001523      0x1a0 CMakeFiles/stm32_uwb_state_estimator.elf.dir/Core/Src/stm32f1xx_hal_msp.c.obj
 .debug_line    0x000016c3      0x3bc CMakeFiles/stm32_uwb_state_estimator.elf.dir/Core/Src/stm32f1xx_it.c.obj
 .debug_line    0x00001a7f      0x3fb CMakeFiles/stm32_uwb_state_estimator.elf.dir/Core/Src/syscalls.c.obj
 .debug_line    0x00001e7a      0x26a CMakeFiles/stm32_uwb_state_estimator.elf.dir/Core/Src/system_stm32f1xx.c.obj
 .debug_line    0x000020e4      0x37c CMakeFiles/stm32_uwb_state_estimator.elf.dir/Core/Src/tim.c.obj
 .debug_line    0x00002460      0x448 CMakeFiles/stm32_uwb_state_estimator.elf.dir/Core/Src/usart.c.obj
 .debug_line    0x000028a8       0xb6 CMakeFiles/stm32_uwb_state_estimator.elf.dir/Core/Startup/startup_stm32f103c8tx.s.obj
 .debug_line    0x0000295e      0x5b6 CMakeFiles/stm32_uwb_state_estimator.elf.dir/Drivers/STM32F1xx_HAL_Driver/Src/stm32f1xx_hal.c.obj
 .debug_line    0x00002f14      0x68f CMakeFiles/stm32_uwb_state_estimator.elf.dir/Drivers/STM32F1xx_HAL_Driver/Src/stm32f1xx_hal_cortex.c.obj
 .debug_line    0x000035a3      0xaa9 CMakeFiles/stm32_uwb_state_estimator.elf.dir/Drivers/STM32F1xx_HAL_Driver/Src/stm32f1xx_hal_dma.c.obj
 .debug_line    0x0000404c      0x639 CMakeFiles/stm32_uwb_state_estimator.elf.dir/Drivers/STM32F1xx_HAL_Driver/Src/stm32f1xx_hal_gpio.c.obj
 .debug_line    0x00004685      0xc82 CMakeFiles/stm32_uwb_state_estimator.elf.dir/Drivers/STM32F1xx_HAL_Driver/Src/stm32f1xx_hal_rcc.c.obj
 .debug_line    0x00005307      0x4f4 CMakeFiles/stm32_uwb_state_estimator.elf.dir/Drivers/STM32F1xx_HAL_Driver/Src/stm32f1xx_hal_rcc_ex.c.obj
 .debug_line    0x000057fb     0x46b4 CMakeFiles/stm32_uwb_state_estimator.elf.dir/Drivers/STM32F1xx_HAL_Driver/Src/stm32f1xx_hal_tim.c.obj
 .debug_line    0x00009eaf     0x1bb4 CMakeFiles/stm32_uwb_state_estimator.elf.dir/Drivers/STM32F1xx_HAL_Driver/Src/stm32f1xx_hal_tim_ex.c.obj
 .debug_line    0x0000ba63     0x2111 CMakeFiles/stm32_uwb_state_estimator.elf.dir/Drivers/STM32F1xx_HAL_Driver/Src/stm32f1xx_hal_uart.c.obj

.debug_str      0x00000000     0x49a6
 .debug_str     0x00000000      0x3f8 CMakeFiles/stm32_uwb_state_estimator.elf.dir/Core/Inc/nlink/tagframe0.c.obj
                                0x4a5 (size before relaxing)
 .debug_str     0x000003f8       0xe1 CMakeFiles/stm32_uwb_state_estimator.elf.dir/Core/Inc/nlink/utils.c.obj
                                0x325 (size before relaxing)
 .debug_str     0x000004d9      0x390 CMakeFiles/stm32_uwb_state_estimator.elf.dir/Core/Src/dma.c.obj
                                0x53c (size before relaxing)
 .debug_str     0x00000869       0xc1 CMakeFiles/stm32_uwb_state_estimator.elf.dir/Core/Src/gpio.c.obj
                                0x2d9 (size before relaxing)
 .debug_str     0x0000092a     0x128e CMakeFiles/stm32_uwb_state_estimator.elf.dir/Core/Src/main.cpp.obj
                               0x18b1 (size before relaxing)
 .debug_str     0x00001bb8       0x89 CMakeFiles/stm32_uwb_state_estimator.elf.dir/Core/Src/stm32f1xx_hal_msp.c.obj
                                0x27b (size before relaxing)
 .debug_str     0x00001c41      0x1a9 CMakeFiles/stm32_uwb_state_estimator.elf.dir/Core/Src/stm32f1xx_it.c.obj
                                0xa11 (size before relaxing)
 .debug_str     0x00001dea      0x247 CMakeFiles/stm32_uwb_state_estimator.elf.dir/Core/Src/syscalls.c.obj
                                0x448 (size before relaxing)
 .debug_str     0x00002031       0xad CMakeFiles/stm32_uwb_state_estimator.elf.dir/Core/Src/system_stm32f1xx.c.obj
                                0x2b0 (size before relaxing)
 .debug_str     0x000020de      0x17f CMakeFiles/stm32_uwb_state_estimator.elf.dir/Core/Src/tim.c.obj
                                0xb75 (size before relaxing)
 .debug_str     0x0000225d       0xac CMakeFiles/stm32_uwb_state_estimator.elf.dir/Core/Src/usart.c.obj
                                0xa6d (size before relaxing)
 .debug_str     0x00002309       0x65 CMakeFiles/stm32_uwb_state_estimator.elf.dir/Core/Startup/startup_stm32f103c8tx.s.obj
                                 0xa9 (size before relaxing)
 .debug_str     0x0000236e      0x326 CMakeFiles/stm32_uwb_state_estimator.elf.dir/Drivers/STM32F1xx_HAL_Driver/Src/stm32f1xx_hal.c.obj
                                0x880 (size before relaxing)
 .debug_str     0x00002694      0x3ba CMakeFiles/stm32_uwb_state_estimator.elf.dir/Drivers/STM32F1xx_HAL_Driver/Src/stm32f1xx_hal_cortex.c.obj
                                0x92f (size before relaxing)
 .debug_str     0x00002a4e      0x23a CMakeFiles/stm32_uwb_state_estimator.elf.dir/Drivers/STM32F1xx_HAL_Driver/Src/stm32f1xx_hal_dma.c.obj
                                0x659 (size before relaxing)
 .debug_str     0x00002c88      0x136 CMakeFiles/stm32_uwb_state_estimator.elf.dir/Drivers/STM32F1xx_HAL_Driver/Src/stm32f1xx_hal_gpio.c.obj
                                0x45c (size before relaxing)
 .debug_str     0x00002dbe      0x1fa CMakeFiles/stm32_uwb_state_estimator.elf.dir/Drivers/STM32F1xx_HAL_Driver/Src/stm32f1xx_hal_rcc.c.obj
                                0x687 (size before relaxing)
 .debug_str     0x00002fb8       0xce CMakeFiles/stm32_uwb_state_estimator.elf.dir/Drivers/STM32F1xx_HAL_Driver/Src/stm32f1xx_hal_rcc_ex.c.obj
                                0x42f (size before relaxing)
 .debug_str     0x00003086      0xe3d CMakeFiles/stm32_uwb_state_estimator.elf.dir/Drivers/STM32F1xx_HAL_Driver/Src/stm32f1xx_hal_tim.c.obj
                               0x1694 (size before relaxing)
 .debug_str     0x00003ec3      0x553 CMakeFiles/stm32_uwb_state_estimator.elf.dir/Drivers/STM32F1xx_HAL_Driver/Src/stm32f1xx_hal_tim_ex.c.obj
                                0xe95 (size before relaxing)
 .debug_str     0x00004416      0x590 CMakeFiles/stm32_uwb_state_estimator.elf.dir/Drivers/STM32F1xx_HAL_Driver/Src/stm32f1xx_hal_uart.c.obj
                                0xcea (size before relaxing)

.comment        0x00000000       0x49
 .comment       0x00000000       0x49 CMakeFiles/stm32_uwb_state_estimator.elf.dir/Core/Inc/nlink/tagframe0.c.obj
                                 0x4a (size before relaxing)
 .comment       0x00000049       0x4a CMakeFiles/stm32_uwb_state_estimator.elf.dir/Core/Inc/nlink/utils.c.obj
 .comment       0x00000049       0x4a CMakeFiles/stm32_uwb_state_estimator.elf.dir/Core/Src/dma.c.obj
 .comment       0x00000049       0x4a CMakeFiles/stm32_uwb_state_estimator.elf.dir/Core/Src/gpio.c.obj
 .comment       0x00000049       0x4a CMakeFiles/stm32_uwb_state_estimator.elf.dir/Core/Src/main.cpp.obj
 .comment       0x00000049       0x4a CMakeFiles/stm32_uwb_state_estimator.elf.dir/Core/Src/stm32f1xx_hal_msp.c.obj
 .comment       0x00000049       0x4a CMakeFiles/stm32_uwb_state_estimator.elf.dir/Core/Src/stm32f1xx_it.c.obj
 .comment       0x00000049       0x4a CMakeFiles/stm32_uwb_state_estimator.elf.dir/Core/Src/syscalls.c.obj
 .comment       0x00000049       0x4a CMakeFiles/stm32_uwb_state_estimator.elf.dir/Core/Src/system_stm32f1xx.c.obj
 .comment       0x00000049       0x4a CMakeFiles/stm32_uwb_state_estimator.elf.dir/Core/Src/tim.c.obj
 .comment       0x00000049       0x4a CMakeFiles/stm32_uwb_state_estimator.elf.dir/Core/Src/usart.c.obj
 .comment       0x00000049       0x4a CMakeFiles/stm32_uwb_state_estimator.elf.dir/Drivers/STM32F1xx_HAL_Driver/Src/stm32f1xx_hal.c.obj
 .comment       0x00000049       0x4a CMakeFiles/stm32_uwb_state_estimator.elf.dir/Drivers/STM32F1xx_HAL_Driver/Src/stm32f1xx_hal_cortex.c.obj
 .comment       0x00000049       0x4a CMakeFiles/stm32_uwb_state_estimator.elf.dir/Drivers/STM32F1xx_HAL_Driver/Src/stm32f1xx_hal_dma.c.obj
 .comment       0x00000049       0x4a CMakeFiles/stm32_uwb_state_estimator.elf.dir/Drivers/STM32F1xx_HAL_Driver/Src/stm32f1xx_hal_gpio.c.obj
 .comment       0x00000049       0x4a CMakeFiles/stm32_uwb_state_estimator.elf.dir/Drivers/STM32F1xx_HAL_Driver/Src/stm32f1xx_hal_rcc.c.obj
 .comment       0x00000049       0x4a CMakeFiles/stm32_uwb_state_estimator.elf.dir/Drivers/STM32F1xx_HAL_Driver/Src/stm32f1xx_hal_rcc_ex.c.obj
 .comment       0x00000049       0x4a CMakeFiles/stm32_uwb_state_estimator.elf.dir/Drivers/STM32F1xx_HAL_Driver/Src/stm32f1xx_hal_tim.c.obj
 .comment       0x00000049       0x4a CMakeFiles/stm32_uwb_state_estimator.elf.dir/Drivers/STM32F1xx_HAL_Driver/Src/stm32f1xx_hal_tim_ex.c.obj
 .comment       0x00000049       0x4a CMakeFiles/stm32_uwb_state_estimator.elf.dir/Drivers/STM32F1xx_HAL_Driver/Src/stm32f1xx_hal_uart.c.obj

.debug_frame    0x00000000     0x2a30
 .debug_frame   0x00000000       0x40 CMakeFiles/stm32_uwb_state_estimator.elf.dir/Core/Inc/nlink/tagframe0.c.obj
 .debug_frame   0x00000040       0xa0 CMakeFiles/stm32_uwb_state_estimator.elf.dir/Core/Inc/nlink/utils.c.obj
 .debug_frame   0x000000e0       0x2c CMakeFiles/stm32_uwb_state_estimator.elf.dir/Core/Src/dma.c.obj
 .debug_frame   0x0000010c       0x30 CMakeFiles/stm32_uwb_state_estimator.elf.dir/Core/Src/gpio.c.obj
 .debug_frame   0x0000013c       0xe4 CMakeFiles/stm32_uwb_state_estimator.elf.dir/Core/Src/main.cpp.obj
 .debug_frame   0x00000220       0x28 CMakeFiles/stm32_uwb_state_estimator.elf.dir/Core/Src/stm32f1xx_hal_msp.c.obj
 .debug_frame   0x00000248      0x110 CMakeFiles/stm32_uwb_state_estimator.elf.dir/Core/Src/stm32f1xx_it.c.obj
 .debug_frame   0x00000358      0x190 CMakeFiles/stm32_uwb_state_estimator.elf.dir/Core/Src/syscalls.c.obj
 .debug_frame   0x000004e8       0x30 CMakeFiles/stm32_uwb_state_estimator.elf.dir/Core/Src/system_stm32f1xx.c.obj
 .debug_frame   0x00000518       0x64 CMakeFiles/stm32_uwb_state_estimator.elf.dir/Core/Src/tim.c.obj
 .debug_frame   0x0000057c       0x68 CMakeFiles/stm32_uwb_state_estimator.elf.dir/Core/Src/usart.c.obj
 .debug_frame   0x000005e4      0x1cc CMakeFiles/stm32_uwb_state_estimator.elf.dir/Drivers/STM32F1xx_HAL_Driver/Src/stm32f1xx_hal.c.obj
 .debug_frame   0x000007b0      0x118 CMakeFiles/stm32_uwb_state_estimator.elf.dir/Drivers/STM32F1xx_HAL_Driver/Src/stm32f1xx_hal_cortex.c.obj
 .debug_frame   0x000008c8      0x144 CMakeFiles/stm32_uwb_state_estimator.elf.dir/Drivers/STM32F1xx_HAL_Driver/Src/stm32f1xx_hal_dma.c.obj
 .debug_frame   0x00000a0c       0xe4 CMakeFiles/stm32_uwb_state_estimator.elf.dir/Drivers/STM32F1xx_HAL_Driver/Src/stm32f1xx_hal_gpio.c.obj
 .debug_frame   0x00000af0      0x190 CMakeFiles/stm32_uwb_state_estimator.elf.dir/Drivers/STM32F1xx_HAL_Driver/Src/stm32f1xx_hal_rcc.c.obj
 .debug_frame   0x00000c80       0x64 CMakeFiles/stm32_uwb_state_estimator.elf.dir/Drivers/STM32F1xx_HAL_Driver/Src/stm32f1xx_hal_rcc_ex.c.obj
 .debug_frame   0x00000ce4      0xb18 CMakeFiles/stm32_uwb_state_estimator.elf.dir/Drivers/STM32F1xx_HAL_Driver/Src/stm32f1xx_hal_tim.c.obj
 .debug_frame   0x000017fc      0x40c CMakeFiles/stm32_uwb_state_estimator.elf.dir/Drivers/STM32F1xx_HAL_Driver/Src/stm32f1xx_hal_tim_ex.c.obj
 .debug_frame   0x00001c08      0x5c4 CMakeFiles/stm32_uwb_state_estimator.elf.dir/Drivers/STM32F1xx_HAL_Driver/Src/stm32f1xx_hal_uart.c.obj
 .debug_frame   0x000021cc       0x4c c:/progra~2/gnuarm~1/102021~1.10/bin/../lib/gcc/arm-none-eabi/10.3.1/thumb/v7-m/nofp\libgcc.a(_arm_addsubsf3.o)
 .debug_frame   0x00002218       0x38 c:/progra~2/gnuarm~1/102021~1.10/bin/../lib/gcc/arm-none-eabi/10.3.1/thumb/v7-m/nofp\libgcc.a(_arm_muldivsf3.o)
 .debug_frame   0x00002250       0x24 c:/progra~2/gnuarm~1/102021~1.10/bin/../lib/gcc/arm-none-eabi/10.3.1/thumb/v7-m/nofp\libgcc.a(_arm_fixunssfsi.o)
 .debug_frame   0x00002274      0x2e0 c:/progra~2/gnuarm~1/102021~1.10/bin/../lib/gcc/arm-none-eabi/10.3.1/thumb/v7-m/nofp\libgcc.a(unwind-arm.o)
 .debug_frame   0x00002554       0xf4 c:/progra~2/gnuarm~1/102021~1.10/bin/../lib/gcc/arm-none-eabi/10.3.1/thumb/v7-m/nofp\libgcc.a(pr-support.o)
 .debug_frame   0x00002648       0x28 c:/progra~2/gnuarm~1/102021~1.10/bin/../lib/gcc/arm-none-eabi/10.3.1/../../../../arm-none-eabi/lib/thumb/v7-m/nofp\libg.a(lib_a-abort.o)
 .debug_frame   0x00002670       0x20 c:/progra~2/gnuarm~1/102021~1.10/bin/../lib/gcc/arm-none-eabi/10.3.1/../../../../arm-none-eabi/lib/thumb/v7-m/nofp\libg.a(lib_a-errno.o)
 .debug_frame   0x00002690       0x2c c:/progra~2/gnuarm~1/102021~1.10/bin/../lib/gcc/arm-none-eabi/10.3.1/../../../../arm-none-eabi/lib/thumb/v7-m/nofp\libg.a(lib_a-init.o)
 .debug_frame   0x000026bc       0x2c c:/progra~2/gnuarm~1/102021~1.10/bin/../lib/gcc/arm-none-eabi/10.3.1/../../../../arm-none-eabi/lib/thumb/v7-m/nofp\libg.a(lib_a-memset.o)
 .debug_frame   0x000026e8      0x114 c:/progra~2/gnuarm~1/102021~1.10/bin/../lib/gcc/arm-none-eabi/10.3.1/../../../../arm-none-eabi/lib/thumb/v7-m/nofp\libg.a(lib_a-signal.o)
 .debug_frame   0x000027fc       0x3c c:/progra~2/gnuarm~1/102021~1.10/bin/../lib/gcc/arm-none-eabi/10.3.1/../../../../arm-none-eabi/lib/thumb/v7-m/nofp\libg.a(lib_a-signalr.o)
 .debug_frame   0x00002838       0x5c c:/progra~2/gnuarm~1/102021~1.10/bin/../lib/gcc/arm-none-eabi/10.3.1/../../../../arm-none-eabi/lib/thumb/v7-m/nofp\libg.a(lib_a-__call_atexit.o)
 .debug_frame   0x00002894       0x20 c:/progra~2/gnuarm~1/102021~1.10/bin/../lib/gcc/arm-none-eabi/10.3.1/../../../../arm-none-eabi/lib/thumb/v7-m/nofp\libg.a(lib_a-atexit.o)
 .debug_frame   0x000028b4       0x34 c:/progra~2/gnuarm~1/102021~1.10/bin/../lib/gcc/arm-none-eabi/10.3.1/../../../../arm-none-eabi/lib/thumb/v7-m/nofp\libg.a(lib_a-fini.o)
 .debug_frame   0x000028e8       0xb0 c:/progra~2/gnuarm~1/102021~1.10/bin/../lib/gcc/arm-none-eabi/10.3.1/../../../../arm-none-eabi/lib/thumb/v7-m/nofp\libg.a(lib_a-lock.o)
 .debug_frame   0x00002998       0x64 c:/progra~2/gnuarm~1/102021~1.10/bin/../lib/gcc/arm-none-eabi/10.3.1/../../../../arm-none-eabi/lib/thumb/v7-m/nofp\libg.a(lib_a-reent.o)
 .debug_frame   0x000029fc       0x34 c:/progra~2/gnuarm~1/102021~1.10/bin/../lib/gcc/arm-none-eabi/10.3.1/../../../../arm-none-eabi/lib/thumb/v7-m/nofp\libg.a(lib_a-__atexit.o)
